******************************************************************************
                  TI ARM Linker Unix v18.1.3                   
******************************************************************************
>> Linked Tue Nov 27 10:55:48 2018

OUTPUT FILE NAME:   <provisioning_CC3220S_LAUNCHXL_tirtos_ccs.out>
ENTRY POINT SYMBOL: "_c_int00"  address: 200112c1


MEMORY CONFIGURATION

         name            origin    length      used     unused   attr    fill
----------------------  --------  ---------  --------  --------  ----  --------
  SRAM0                 20000000   00004000  0000070c  000038f4  RW X
  SRAM                  20004000   0003c000  00019ff9  00022007  RW X


SEGMENT ALLOCATION MAP

run origin  load origin   length   init length attrs members
----------  ----------- ---------- ----------- ----- -------
20003c00    20003c00    00000400   00000000    rw-
  20003c00    20003c00    00000400   00000000    rw- .stack
20004000    20004000    000175e8   0000f5e2    r-x
  20004000    20004000    0000003c   0000003c    r-- .resetVecs
  20004040    20004040    0000f5a2   0000f5a2    r-x .text
  200135e8    200135e8    00008000   00000000    r-- .priheap
2001b800    2001b800    000010e2   00000000    rw-
  2001b800    2001b800    000010e2   00000000    rw- .bss
2001c8e4    2001c8e4    00000ee9   00000ee9    r--
  2001c8e4    2001c8e4    00000ee9   00000ee9    r-- .const
2001d7d0    2001d7d0    000007b0   00000000    rw-
  2001d7d0    2001d7d0    000007b0   00000000    rw- .data
2001df80    2001df80    000002a0   000002a0    r--
  2001df80    2001df80    000002a0   000002a0    r-- .cinit


SECTION ALLOCATION MAP

 output                                  attributes/
section   page    origin      length       input sections
--------  ----  ----------  ----------   ----------------
.vecs      0    20000000    0000030c     NOLOAD SECTION
                  20000000    0000030c     release_pem4.oem4 (.vecs)

.stack     0    20003c00    00000400     UNINITIALIZED
                  20003c00    00000400     --HOLE--

.text      0    20004040    0000f5a2     
                  20004040    00000a4a     rtsv7M4_T_le_eabi.lib : _printfi.c.obj (.text:__TI_printfi)
                  20004a8a    00000002     external_provisioning_conf.obj (.text:StopExternalProvisioning)
                  20004a8c    00000914     simplelink.a : driver.obj (.text:_SlDrvMsgRead)
                  200053a0    00000744     provisioning.obj (.text:SimpleLinkWlanEventHandler)
                  20005ae4    000004b0     simplelink.a : sl_socket.obj (.text:_SlSocketHandleAsync_Select)
                  20005f94    0000042c     driverlib.a : prcm.obj (.text:PRCMCC3200MCUInit)
                  200063c0    000003a8     provisioning.obj (.text:ProvisioningStart)
                  20006768    00000384     simplelink.a : driver.obj (.text:_SlDrvMsgWrite)
                  20006aec    000002e0                  : driver.obj (.text:_SlDrvWaitForPoolObj)
                  20006dcc    000002d8                  : driver.obj (.text:_SlDrvRxHdrRead)
                  200070a4    00000294                  : driver.obj (.text:_SlDrvReleasePoolObj)
                  20007338    00000278     drivers_cc32xx.aem4 : UARTCC32XX.oem4 (.text:UARTCC32XX_open)
                  200075b0    00000268     rtsv7M4_T_le_eabi.lib : _printfi.c.obj (.text:_pconv_a)
                  20007818    00000224     simplelink.a : driver.obj (.text:_SlDrvDriverCBInit)
                  20007a3c    000001f4                  : driver.obj (.text:_SlDrvMsgReadCmdCtx)
                  20007c30    000001f2                  : netapp.obj (.text:_SlNetAppEventHandler)
                  20007e22    00000002     drivers_cc32xx.aem4 : UARTCC32XX.oem4 (.text:UARTCC32XX_init)
                  20007e24    000001e4     simplelink.a : netapp.obj (.text:sl_NetAppPing)
                  20008008    000001e1     provisioning.obj (.text:SimpleLinkFatalErrorEventHandler)
                  200081e9    00000001     --HOLE-- [fill = 0]
                  200081ea    000001d0     drivers_cc32xx.aem4 : SPICC32XXDMA.oem4 (.text:SPICC32XXDMA_transfer)
                  200083ba    00000002     rtsv7M4_T_le_eabi.lib : _lock.c.obj (.text:_nop)
                  200083bc    000001cc                           : _printfi.c.obj (.text:_pconv_g)
                  20008588    000001c8     drivers_cc32xx.aem4 : GPIOCC32XX.oem4 (.text:GPIO_setConfig)
                  20008750    000001c0     provisioning.obj (.text:ProvisioningTask)
                  20008910    000001bc     simplelink.a : device.obj (.text:sl_Stop)
                  20008acc    000001b8     drivers_cc32xx.aem4 : SPICC32XXDMA.oem4 (.text:configDMA)
                  20008c84    000001b6     rtsv7M4_T_le_eabi.lib : fd_add_t2.asm.obj (.text)
                  20008e3a    00000002                           : div0.asm.obj (.text)
                  20008e3c    000001b4     simplelink.a : driver.obj (.text:_SlDrvReleaseAllActivePendingPoolObj)
                  20008ff0    000001b0     sysbios.aem4 : BIOS.obj (.text:mq_open)
                  200091a0    00000184     provisioning.obj (.text:HandleUserApplication)
                  20009324    00000184     simplelink.a : driver.obj (.text:_SlDrvFindAndSetActiveObj)
                  200094a8    00000179     provisioning.obj (.text:SimpleLinkNetAppEventHandler)
                  20009621    00000001     --HOLE-- [fill = 0]
                  20009622    00000002     release_pem4.oem4 (.text:ti_sysbios_BIOS_nullFunc__I)
                  20009624    00000170     provisioning.obj (.text:SimpleLinkInitCallback)
                  20009794    00000158     dpl_cc32xx.aem4 : PowerCC32XX_tirtos.oem4 (.text:PowerCC32XX_sleepPolicy)
                  200098ec    00000158     drivers_cc32xx.aem4 : SPICC32XXDMA.oem4 (.text:SPICC32XXDMA_open)
                  20009a44    00000150                         : PowerCC32XX.oem4 (.text:parkPins)
                  20009b94    00000140     simplelink.a : driver.obj (.text:_SlDrvMsgReadSpawnCtx)
                  20009cd4    0000013c                  : driver.obj (.text:_SlDrvDriverCBDeinit)
                  20009e10    0000013c     rtsv7M4_T_le_eabi.lib : _printfi.c.obj (.text:_pconv_e)
                  20009f4c    00000136                           : fd_div_t2.asm.obj (.text)
                  2000a082    00000002     release_pem4.oem4 (.text:xdc_runtime_Startup_reset__I)
                  2000a084    00000130     simplelink.a : sl_socket.obj (.text:_SlDrvGetNextTimeoutValue)
                  2000a1b4    00000004     provisioning.obj (.text:CheckInternetConnection)
                  2000a1b8    00000130     sysbios.aem4 : BIOS.obj (.text:ti_sysbios_knl_Semaphore_pend__E)
                  2000a2e8    0000012c     provisioning.obj (.text:SendPingToGW)
                  2000a414    00000128     simplelink.a : driver.obj (.text:_SlDrvClassifyRxMsg)
                  2000a53c    00000120     drivers_cc32xx.aem4 : UARTCC32XX.oem4 (.text:UARTCC32XX_close)
                  2000a65c    00000120     simplelink.a : driver.obj (.text:_SlDrvAsyncEventGenericHandler)
                  2000a77c    00000120     rtsv7M4_T_le_eabi.lib : _printfi.c.obj (.text:fcvt)
                  2000a89c    0000011c     simplelink.a : device.obj (.text:sl_Start)
                  2000a9b8    0000011c     sysbios.aem4 : BIOS.obj (.text:xdc_runtime_Startup_startMods__I)
                  2000aad4    00000118     drivers_cc32xx.aem4 : PowerCC32XX.oem4 (.text:Power_sleep)
                  2000abec    00000118     simplelink.a : netapp.obj (.text:_SlNetAppHandleAsync_DnsGetHostByService)
                  2000ad04    00000114     provisioning.obj (.text:mainThread)
                  2000ae18    00000110     sysbios.aem4 : BIOS.obj (.text:ti_sysbios_knl_Task_postInit__I)
                  2000af28    00000108                  : BIOS.obj (.text:timer_create)
                  2000b030    00000104     simplelink.a : device.obj (.text:_SlDeviceEventHandler)
                  2000b134    00000104                  : driver.obj (.text:_SlDrvCmdOp)
                  2000b238    00000104     sysbios.aem4 : BIOS.obj (.text:ti_sysbios_knl_Task_Instance_finalize__E)
                  2000b33c    00000100     simplelink.a : driver.obj (.text:_SlDrvObjGlobalLockWaitForever)
                  2000b43c    000000fd     provisioning.obj (.text:SimpleLinkSockEventHandler)
                  2000b539    00000001     --HOLE-- [fill = 0]
                  2000b53a    000000fc     rtsv7M4_T_le_eabi.lib : fd_mul_t2.asm.obj (.text)
                  2000b636    00000002     --HOLE-- [fill = 0]
                  2000b638    000000fc     sysbios.aem4 : BIOS.obj (.text:ti_sysbios_knl_Task_Instance_init__E)
                  2000b734    000000f2     drivers_cc32xx.aem4 : SPICC32XXDMA.oem4 (.text:SPICC32XXDMA_transferCancel)
                  2000b826    000000f2                         : UARTCC32XX.oem4 (.text:UARTCC32XX_control)
                  2000b918    000000ec     sysbios.aem4 : BIOS.obj (.text:pthread_create)
                  2000ba04    00000004     dpl_cc32xx.aem4 : ClockP_tirtos.oem4 (.text:ClockP_getCpuFreq)
                  2000ba08    000000e8     sysbios.aem4 : BIOS.obj (.text:timer_settime)
                  2000baf0    000000e0     simplelink.a : driver.obj (.text:_SlSpawnMsgListInsert)
                  2000bbd0    000000e0     sysbios.aem4 : BIOS.obj (.text:clock_gettime)
                  2000bcb0    000000d8     drivers_cc32xx.aem4 : SPICC32XXDMA.oem4 (.text:SPICC32XXDMA_close)
                  2000bd88    000000d8     simplelink.a : device.obj (.text:_SlDeviceHandleAsync_InitComplete)
                  2000be60    000000d8                  : driver.obj (.text:_SlDrvWaitForInternalAsyncEvent)
                  2000bf38    000000d8                  : netapp.obj (.text:_SlNetAppHandleAsync_NetAppReceive)
                  2000c010    000000d8     sysbios.aem4 : BIOS.obj (.text:ti_sysbios_knl_Mailbox_Instance_init__E)
                  2000c0e8    000000d0     simplelink.a : driver.obj (.text:_SlDrvRemoveFromList)
                  2000c1b8    000000d0     rtsv7M4_T_le_eabi.lib : s_scalbn.c.obj (.text:scalbn)
                  2000c288    000000d0     sysbios.aem4 : m3_Hwi_asm.obj (.text:ti_sysbios_family_arm_m3_Hwi_dispatch__I)
                  2000c358    000000d0                  : BIOS.obj (.text:ti_sysbios_heaps_HeapMem_alloc__E)
                  2000c428    000000c8     simplelink.a : sl_socket.obj (.text:_SlSocketHandleAsync_StartTLS)
                  2000c4f0    000000c8     drivers_cc32xx.aem4 : SPICC32XXDMA.oem4 (.text:spiHwiFxn)
                  2000c5b8    000000c4                         : GPIOCC32XX.oem4 (.text:GPIO_init)
                  2000c67c    00000004     dpl_cc32xx.aem4 : ClockP_tirtos.oem4 (.text:ClockP_setTimeout)
                  2000c680    000000c4     sysbios.aem4 : BIOS.obj (.text:ti_sysbios_knl_Task_sleep__E)
                  2000c744    000000c2     drivers_cc32xx.aem4 : UARTCC32XX.oem4 (.text:UARTCC32XX_write)
                  2000c806    00000002     --HOLE-- [fill = 0]
                  2000c808    000000c0     simplelink.a : cc_pal.obj (.text:NwpPowerOff)
                  2000c8c8    000000c0                  : netcfg.obj (.text:sl_NetCfgGet)
                  2000c988    000000bc                  : netapp.obj (.text:_SlNetAppSendResponse)
                  2000ca44    000000bc                  : wlan.obj (.text:sl_WlanProvisioning)
                  2000cb00    000000bc     sysbios.aem4 : BIOS.obj (.text:xdc_runtime_Core_createObject__I)
                  2000cbbc    000000ba     drivers_cc32xx.aem4 : UARTCC32XX.oem4 (.text:UARTCC32XX_readPolling)
                  2000cc76    00000002     --HOLE-- [fill = 0]
                  2000cc78    000000b8     simplelink.a : netapp.obj (.text:_SlNetAppHandleAsync_DnsGetHostByName)
                  2000cd30    000000b8                  : netapp.obj (.text:_SlNetAppHandleAsync_PingResponse)
                  2000cde8    000000b8     drivers_cc32xx.aem4 : UARTCC32XX.oem4 (.text:initHw)
                  2000cea0    000000b8     simplelink.a : device.obj (.text:sl_DeviceGet)
                  2000cf58    000000b8                  : wlan.obj (.text:sl_WlanGet)
                  2000d010    000000b6     drivers_cc32xx.aem4 : UARTCC32XX.oem4 (.text:readTaskCallback)
                  2000d0c6    00000002     --HOLE-- [fill = 0]
                  2000d0c8    000000b4     simplelink.a : driver.obj (.text:_SlDrvHandleFatalError)
                  2000d17c    000000b4                  : netutil.obj (.text:_SlNetUtilHandleAsync_Cmd)
                  2000d230    000000b4     drivers_cc32xx.aem4 : PowerCC32XX.oem4 (.text:restoreParkedPins)
                  2000d2e4    000000b1     rtsv7M4_T_le_eabi.lib : _printfi.c.obj (.text:_ltostr)
                  2000d395    00000001     --HOLE-- [fill = 0]
                  2000d396    000000ae     drivers_cc32xx.aem4 : UARTCC32XX.oem4 (.text:readIsrTextBlocking)
                  2000d444    000000ac     simplelink.a : sl_socket.obj (.text:_SlSocketHandleAsync_Close)
                  2000d4f0    000000ac                  : sl_socket.obj (.text:_SlSocketHandleAsync_Connect)
                  2000d59c    000000aa     uart_term.obj (.text:Report)
                  2000d646    00000002     --HOLE-- [fill = 0]
                  2000d648    000000a8     driverlib.a : prcm.obj (.text:PRCMPeripheralClockGet)
                  2000d6f0    000000a8     drivers_cc32xx.aem4 : PowerCC32XX.oem4 (.text:PowerCC32XX_configureWakeup)
                  2000d798    000000a8                         : UARTCC32XX.oem4 (.text:readTaskBlocking)
                  2000d840    000000a5     provisioning.obj (.text:SetSecuredAP)
                  2000d8e5    00000003     --HOLE-- [fill = 0]
                  2000d8e8    000000a4     sysbios.aem4 : BIOS.obj (.text:ti_sysbios_knl_Task_setPri__E)
                  2000d98c    000000a2     drivers_cc32xx.aem4 : UARTCC32XX.oem4 (.text:readIsrTextCallback)
                  2000da2e    000000a2                         : UARTCC32XX.oem4 (.text:writeData)
                  2000dad0    000000a0     simplelink.a : driver.obj (.text:_SlSpawnMsgListProcess)
                  2000db70    000000a0     auto_init.aem4 : auto_init.oem4 (.text)
                  2000dc10    0000009e     simplelink.a : cc_pal.obj (.text:spi_Read)
                  2000dcae    0000009e                  : cc_pal.obj (.text:spi_Write)
                  2000dd4c    00000004     dpl_cc32xx.aem4 : ClockP_tirtos.oem4 (.text:ClockP_start)
                  2000dd50    0000009c     sysbios.aem4 : BIOS.obj (.text:_pthread_removeThreadKeys)
                  2000ddec    0000009c     rtsv7M4_T_le_eabi.lib : memcpy_t2.asm.obj (.text)
                  2000de88    00000098     drivers_cc32xx.aem4 : GPIOCC32XX.oem4 (.text:powerNotifyFxn)
                  2000df20    00000098     sysbios.aem4 : BIOS.obj (.text:ti_sysbios_family_arm_m3_Hwi_Instance_init__E)
                  2000dfb8    00000096     rtsv7M4_T_le_eabi.lib : ull_div_t2.asm.obj (.text)
                  2000e04e    00000002     --HOLE-- [fill = 0]
                  2000e050    00000094     simplelink.a : cc_pal.obj (.text:Semaphore_pend_handle)
                  2000e0e4    00000094     drivers_cc32xx.aem4 : SPICC32XXDMA.oem4 (.text:initHw)
                  2000e178    00000094     sysbios.aem4 : BIOS.obj (.text:ti_sysbios_knl_Task_exit__E)
                  2000e20c    00000090     simplelink.a : device.obj (.text:_SlDeviceHandleAsync_Stop)
                  2000e29c    00000090                  : sl_socket.obj (.text:_SlSocketHandleAsync_Accept)
                  2000e32c    00000090     drivers_cc32xx.aem4 : PowerCC32XX.oem4 (.text:restoreNVICRegs)
                  2000e3bc    00000004     dpl_cc32xx.aem4 : ClockP_tirtos.oem4 (.text:ClockP_stop)
                  2000e3c0    00000090     sysbios.aem4 : BIOS.obj (.text:ti_sysbios_knl_Task_Module_startup__E)
                  2000e450    0000008e     provisioning.obj (.text:DisplayBanner)
                  2000e4de    00000002     --HOLE-- [fill = 0]
                  2000e4e0    0000008c     simplelink.a : driver.obj (.text:_SlDrvDriverIsApiAllowed)
                  2000e56c    00000004     provisioning.obj (.text:DoNothing)
                  2000e570    0000008c     sysbios.aem4 : BIOS.obj (.text:xdc_runtime_Memory_alloc__E)
                  2000e5fc    00000088     driverlib.a : pin.obj (.text:PinConfigSet)
                  2000e684    00000088     simplelink.a : driver.obj (.text:_SlDrvProtectAsyncRespSetting)
                  2000e70c    00000004     dpl_cc32xx.aem4 : HwiP_tirtos.oem4 (.text:HwiP_clearInterrupt)
                  2000e710    00000088     sysbios.aem4 : BIOS.obj (.text:ti_sysbios_family_arm_m3_Hwi_initNVIC__E)
                  2000e798    00000088                  : BIOS.obj (.text:ti_sysbios_family_arm_m3_TaskSupport_start__E)
                  2000e820    00000088                  : BIOS.obj (.text:ti_sysbios_knl_Mailbox_post__E)
                  2000e8a8    00000086     simplelink.a : driver.obj (.text:_SlDrvIsTimeoutExpired)
                  2000e92e    00000086     rtsv7M4_T_le_eabi.lib : fd_cmp_t2.asm.obj (.text:__aeabi_cdcmple)
                  2000e9b4    00000086                           : fd_cmp_t2.asm.obj (.text:__aeabi_cdrcmple)
                  2000ea3a    00000006     drivers_cc32xx.aem4 : SPICC32XXDMA.oem4 (.text:SPICC32XXDMA_control)
                  2000ea40    00000086     sysbios.aem4 : BIOS.obj (.text:xdc_runtime_Core_constructObject__I)
                  2000eac6    00000002     --HOLE-- [fill = 0]
                  2000eac8    00000084     drivers_cc32xx.aem4 : PowerCC32XX.oem4 (.text:Power_init)
                  2000eb4c    00000084                         : PowerCC32XX.oem4 (.text:saveNVICRegs)
                  2000ebd0    00000084     simplelink.a : wlan.obj (.text:sl_WlanSet)
                  2000ec54    00000004     dpl_cc32xx.aem4 : HwiP_tirtos.oem4 (.text:HwiP_disable)
                  2000ec58    00000084     sysbios.aem4 : BIOS.obj (.text:ti_sysbios_family_arm_m3_Hwi_postInit__I)
                  2000ecdc    00000004     dpl_cc32xx.aem4 : HwiP_tirtos.oem4 (.text:HwiP_disableInterrupt)
                  2000ece0    00000084     sysbios.aem4 : BIOS.obj (.text:ti_sysbios_heaps_HeapMem_free__E)
                  2000ed64    00000080     drivers_cc32xx.aem4 : PowerCC32XX.oem4 (.text:Power_setDependency)
                  2000ede4    00000004     dpl_cc32xx.aem4 : HwiP_tirtos.oem4 (.text:HwiP_enableInterrupt)
                  2000ede8    00000080     sysbios.aem4 : BIOS.obj (.text:ti_sysbios_knl_Clock_workFunc__E)
                  2000ee68    0000007c     drivers_cc32xx.aem4 : UDMACC32XX.oem4 (.text:UDMACC32XX_open)
                  2000eee4    00000004     external_provisioning_conf.obj (.text:IsActiveExternalConfirmation)
                  2000eee8    0000007c     sysbios.aem4 : BIOS.obj (.text:_pthread_abstime2ticks)
                  2000ef64    0000007c     drivers_cc32xx.aem4 : UARTCC32XX.oem4 (.text:readIsrBinaryBlocking)
                  2000efe0    0000007a     rtsv7M4_T_le_eabi.lib : memset_t2.asm.obj (.text)
                  2000f05a    00000002     --HOLE-- [fill = 0]
                  2000f05c    00000078     provisioning.obj (.text:FactoryIndicationLed)
                  2000f0d4    00000078     drivers_cc32xx.aem4 : GPIOCC32XX.oem4 (.text:GPIO_hwiIntFxn)
                  2000f14c    00000078     provisioning.obj (.text:UpdateLedDisplay)
                  2000f1c4    00000078     drivers_cc32xx.aem4 : UARTCC32XX.oem4 (.text:readIsrBinaryCallback)
                  2000f23c    00000074     provisioning.obj (.text:HandleProvisioningComplete)
                  2000f2b0    00000074     drivers_cc32xx.aem4 : UARTCC32XX.oem4 (.text:UARTCC32XX_hwiIntFxn)
                  2000f324    00000004                         : SPICC32XXDMA.oem4 (.text:SPICC32XXDMA_init)
                  2000f328    00000074     sysbios.aem4 : BIOS.obj (.text:ti_sysbios_knl_Mailbox_pend__E)
                  2000f39c    00000004     dpl_cc32xx.aem4 : SemaphoreP_tirtos.oem4 (.text:SemaphoreP_post)
                  2000f3a0    00000074     sysbios.aem4 : BIOS.obj (.text:xdc_runtime_Core_deleteObject__I)
                  2000f414    00000070     simplelink.a : driver.obj (.text:_SlDrvCmdSend_noLock)
                  2000f484    00000004     release_pem4.oem4 (.text:ti_sysbios_BIOS_RtsGateProxy_enter__E)
                  2000f488    00000070     sysbios.aem4 : BIOS.obj (.text:acquireMutexNone$45)
                  2000f4f8    00000070                  : BIOS.obj (.text:ti_sysbios_heaps_HeapMem_initPrimary__I)
                  2000f568    00000070                  : BIOS.obj (.text:ti_sysbios_knl_Mailbox_Instance_finalize__E)
                  2000f5d8    0000006e     rtsv7M4_T_le_eabi.lib : _printfi.c.obj (.text:_mcpy)
                  2000f646    00000002     --HOLE-- [fill = 0]
                  2000f648    0000006c     provisioning.obj (.text:ReportError)
                  2000f6b4    0000006c     simplelink.a : device.obj (.text:_SlDeviceHandleResetRequestInternally)
                  2000f720    0000006c                  : netapp.obj (.text:_SlNetAppSendTokenValue)
                  2000f78c    00000004     release_pem4.oem4 (.text:ti_sysbios_BIOS_RtsGateProxy_leave__E)
                  2000f790    0000006c     sysbios.aem4 : BIOS.obj (.text:pthread_cancel)
                  2000f7fc    00000004     release_pem4.oem4 (.text:ti_sysbios_family_arm_m3_Hwi_delete)
                  2000f800    0000006c     sysbios.aem4 : BIOS.obj (.text:ti_sysbios_knl_Swi_restoreHwi__E)
                  2000f86c    00000068     provisioning.obj (.text:ErrorLedDisplay)
                  2000f8d4    00000068     simplelink.a : driver.obj (.text:_SlSpawnMsgListGetCount)
                  2000f93c    00000068     rtsv7M4_T_le_eabi.lib : copy_decompress_lzss.c.obj (.text:decompress:lzss:__TI_decompress_lzss)
                  2000f9a4    00000068     main_tirtos.obj (.text:main)
                  2000fa0c    00000004     release_pem4.oem4 (.text:ti_sysbios_family_arm_m3_TaskSupport_Module__startupDone__S)
                  2000fa10    00000068     sysbios.aem4 : BIOS.obj (.text:pthread_exit)
                  2000fa78    00000068     simplelink.a : cc_pal.obj (.text:spi_Open)
                  2000fae0    00000066     drivers_cc32xx.aem4 : UARTCC32XX.oem4 (.text:UARTCC32XX_writeCancel)
                  2000fb46    00000002     --HOLE-- [fill = 0]
                  2000fb48    00000064                         : PowerCC32XX.oem4 (.text:PowerCC32XX_setParkState)
                  2000fbac    00000004     release_pem4.oem4 (.text:ti_sysbios_heaps_HeapMem_Module_GateProxy_enter__E)
                  2000fbb0    00000064     sysbios.aem4 : BIOS.obj (.text:ti_sysbios_family_arm_m3_Hwi_dispatchC__I)
                  2000fc14    00000062     drivers_cc32xx.aem4 : UARTCC32XX.oem4 (.text:UARTCC32XX_writePolling)
                  2000fc76    00000002     --HOLE-- [fill = 0]
                  2000fc78    00000060     driverlib.a : prcm.obj (.text:PRCMSysResetCauseGet)
                  2000fcd8    00000060     sysbios.aem4 : BIOS.obj (.text:ti_sysbios_knl_Semaphore_post__E)
                  2000fd38    00000060                  : BIOS.obj (.text:ti_sysbios_knl_Swi_run__I)
                  2000fd98    0000005c     simplelink.a : spawn.obj (.text:_SlInternalSpawn)
                  2000fdf4    0000005c     rtsv7M4_T_le_eabi.lib : s_frexp.c.obj (.text:frexp)
                  2000fe50    0000005c     sysbios.aem4 : BIOS.obj (.text:ti_sysbios_family_arm_m3_Timer_start__E)
                  2000feac    00000004     release_pem4.oem4 (.text:ti_sysbios_heaps_HeapMem_Module_GateProxy_leave__E)
                  2000feb0    0000005c     sysbios.aem4 : BIOS.obj (.text:ti_sysbios_knl_Swi_schedule__I)
                  2000ff0c    00000004     release_pem4.oem4 (.text:ti_sysbios_knl_Clock_TimerProxy_getMaxTicks__E)
                  2000ff10    0000005c     sysbios.aem4 : BIOS.obj (.text:ti_sysbios_knl_Task_startCore__E)
                  2000ff6c    00000004     release_pem4.oem4 (.text:ti_sysbios_knl_Clock_TimerProxy_setPeriodMicroSecs__E)
                  2000ff70    0000005c     sysbios.aem4 : BIOS.obj (.text:xdc_runtime_Startup_exec__E)
                  2000ffcc    00000058     drivers_cc32xx.aem4 : GPIOCC32XX.oem4 (.text:GPIO_setCallback)
                  20010024    00000058                         : GPIOCC32XX.oem4 (.text:GPIO_write)
                  2001007c    00000058     driverlib.a : prcm.obj (.text:PRCMPeripheralReset)
                  200100d4    00000058     drivers_cc32xx.aem4 : PowerCC32XX.oem4 (.text:Power_releaseDependency)
                  2001012c    00000058     simplelink.a : sl_socket.obj (.text:_SlDrvClearCtrlSocket)
                  20010184    00000004     release_pem4.oem4 (.text:ti_sysbios_knl_Clock_TimerProxy_start__E)
                  20010188    00000058     sysbios.aem4 : BIOS.obj (.text:ti_sysbios_family_arm_cc32xx_Seconds_getCount__I)
                  200101e0    00000056     rtsv7M4_T_le_eabi.lib : _printfi.c.obj (.text:_pconv_f)
                  20010236    00000002     --HOLE-- [fill = 0]
                  20010238    00000054     uart_term.obj (.text:InitTerm)
                  2001028c    00000054     simplelink.a : driver.obj (.text:_SlDrvRxIrqHandler)
                  200102e0    00000054     rtsv7M4_T_le_eabi.lib : ltoa.c.obj (.text:ltoa)
                  20010334    00000054     drivers_cc32xx.aem4 : UARTCC32XX.oem4 (.text:ringBufGet)
                  20010388    00000054     release_pem4.oem4 (.text:ti_sysbios_family_arm_m3_Hwi_create)
                  200103dc    00000004     release_pem4.oem4 (.text:ti_sysbios_knl_Clock_TimerProxy_stop__E)
                  200103e0    00000054     sysbios.aem4 : BIOS.obj (.text:ti_sysbios_family_arm_m3_Timer_setPeriod__E)
                  20010434    00000054     release_pem4.oem4 (.text:ti_sysbios_knl_Mailbox_create)
                  20010488    00000054     sysbios.aem4 : BIOS.obj (.text:timer_gettime)
                  200104dc    00000004     release_pem4.oem4 (.text:ti_sysbios_knl_Clock_delete)
                  200104e0    00000054     sysbios.aem4 : BIOS.obj (.text:xdc_runtime_Core_assignLabel__I)
                  20010534    00000052     drivers_cc32xx.aem4 : PowerCC32XX.oem4 (.text:PowerCC32XX_parkPin)
                  20010586    00000052                         : PowerCC32XX_asm.oem4 (.text:PowerCC32XX_resumeLPDS)
                  200105d8    00000052     rtsv7M4_T_le_eabi.lib : _printfi.c.obj (.text:_ecpy)
                  2001062a    00000002     --HOLE-- [fill = 0]
                  2001062c    00000050     dpl_cc32xx.aem4 : ClockP_tirtos.oem4 (.text:ClockP_create)
                  2001067c    00000050     simplelink.a : cc_pal.obj (.text:NwpRegisterInterruptHandler)
                  200106cc    00000050                  : driver.obj (.text:_SlDrvCmdSend_noWait)
                  2001071c    00000050                  : driver.obj (.text:_SlDrvUpdateApiInProgress)
                  2001076c    00000050                  : spawn.obj (.text:_SlInternalSpawnTaskEntry)
                  200107bc    00000050                  : eventreg.obj (.text:_SlNetAppHttpServerHdlr)
                  2001080c    00000050                  : eventreg.obj (.text:_SlNetAppRequestHdlr)
                  2001085c    00000004     release_pem4.oem4 (.text:ti_sysbios_knl_Semaphore_delete)
                  20010860    00000050     sysbios.aem4 : BIOS.obj (.text:ti_sysbios_family_arm_cc32xx_Seconds_getTime__E)
                  200108b0    00000050                  : BIOS.obj (.text:ti_sysbios_family_arm_m3_Hwi_Module_startup__E)
                  20010900    00000050     release_pem4.oem4 (.text:ti_sysbios_knl_Task_create)
                  20010950    0000004c     drivers_cc32xx.aem4 : GPIOCC32XX.oem4 (.text:GPIO_enableInt)
                  2001099c    0000004c     simplelink.a : cc_pal.obj (.text:NwpWaitForShutDownInd)
                  200109e8    0000004c     rtsv7M4_T_le_eabi.lib : atoi.c.obj (.text:atoi)
                  20010a34    0000004c                           : cpy_tbl.c.obj (.text:copy_in)
                  20010a80    0000004c     drivers_cc32xx.aem4 : PowerCC32XX.oem4 (.text:restorePeriphClocks)
                  20010acc    00000004     release_pem4.oem4 (.text:ti_sysbios_knl_Task_delete)
                  20010ad0    0000004c     sysbios.aem4 : BIOS.obj (.text:ti_sysbios_heaps_HeapMem_getStats__E)
                  20010b1c    00000004     release_pem4.oem4 (.text:xdc_runtime_System_Module_GateProxy_enter__E)
                  20010b20    0000004c     sysbios.aem4 : BIOS.obj (.text:ti_sysbios_knl_Swi_runLoop__I)
                  20010b6c    00000004     release_pem4.oem4 (.text:xdc_runtime_System_Module_GateProxy_leave__E)
                  20010b70    0000004c     sysbios.aem4 : BIOS.obj (.text:ti_sysbios_knl_Task_allBlockedFunction__I)
                  20010bbc    00000004     --HOLE-- [fill = 0]
                  20010bc0    0000004c                  : BIOS.obj (.text:ti_sysbios_knl_Task_schedule__I)
                  20010c0c    00000048     driverlib.a : flash.obj (.text:FlashDisable)
                  20010c54    00000048                 : prcm.obj (.text:PRCMLPDSEnter)
                  20010c9c    00000048                 : prcm.obj (.text:PRCMPeripheralClkEnable)
                  20010ce4    00000048     drivers_cc32xx.aem4 : PowerCC32XX.oem4 (.text:Power_releaseConstraint)
                  20010d2c    00000048     simplelink.a : eventreg.obj (.text:_SlDeviceFatalErrorEvtHdlr)
                  20010d74    00000048                  : eventreg.obj (.text:_SlDeviceGeneralEvtHdlr)
                  20010dbc    00000048                  : driver.obj (.text:_SlDrvSyncObjWaitTimeout)
                  20010e04    00000048                  : eventreg.obj (.text:_SlNetAppEvtHdlr)
                  20010e4c    00000048                  : eventreg.obj (.text:_SlNetAppRequestMemFree)
                  20010e94    00000048                  : eventreg.obj (.text:_SlSockEvtHdlr)
                  20010edc    00000048                  : eventreg.obj (.text:_SlWlanEvtHdlr)
                  20010f24    00000004     --HOLE-- [fill = 0]
                  20010f28    00000048     sysbios.aem4 : BIOS.obj (.text:pthread_mutex_init)
                  20010f70    00000048     rtsv7M4_T_le_eabi.lib : fd_toi_t2.asm.obj (.text)
                  20010fb8    00000048     sysbios.aem4 : BIOS.obj (.text:ti_sysbios_family_arm_m3_Hwi_disableInterrupt__E)
                  20011000    00000048                  : BIOS.obj (.text:ti_sysbios_family_arm_m3_Hwi_enableInterrupt__E)
                  20011048    00000048                  : m3_Hwi_asm_switch.obj (.text:ti_sysbios_family_arm_m3_Hwi_initStacks__E)
                  20011090    00000048                  : BIOS.obj (.text:ti_sysbios_family_arm_m3_Timer_initDevice__I)
                  200110d8    00000048                  : BIOS.obj (.text:ti_sysbios_knl_Mailbox_Module_startup__E)
                  20011120    00000048                  : BIOS.obj (.text:xdc_runtime_Core_assignParams__I)
                  20011168    00000046     drivers_cc32xx.aem4 : RingBuf.oem4 (.text:RingBuf_put)
                  200111ae    00000002     --HOLE-- [fill = 0]
                  200111b0    00000044     driverlib.a : prcm.obj (.text:PRCMLPDSRestoreInfoSet)
                  200111f4    00000044     drivers_cc32xx.aem4 : PowerCC32XX_asm.oem4 (.text:PowerCC32XX_enterLPDS)
                  20011238    00000044                         : SPI.oem4 (.text:SPI_init)
                  2001127c    00000044                         : UART.oem4 (.text:UART_init)
                  200112c0    00000044     boot.aem4 : boot.oem4 (.text)
                  20011304    00000004     --HOLE-- [fill = 0]
                  20011308    00000044     sysbios.aem4 : BIOS.obj (.text:ti_sysbios_family_arm_m3_Hwi_getStackInfo__E)
                  2001134c    00000004     --HOLE-- [fill = 0]
                  20011350    00000044                  : BIOS.obj (.text:ti_sysbios_knl_Mailbox_postInit__I)
                  20011394    00000004     --HOLE-- [fill = 0]
                  20011398    00000044                  : BIOS.obj (.text:ti_sysbios_knl_Swi_post__E)
                  200113dc    00000004     --HOLE-- [fill = 0]
                  200113e0    00000044                  : BIOS.obj (.text:xdc_runtime_System_atexit__E)
                  20011424    00000040     simplelink.a : sl_socket.obj (.text:CountSetBits)
                  20011464    00000040     dpl_cc32xx.aem4 : HwiP_tirtos.oem4 (.text:HwiP_create)
                  200114a4    00000040     driverlib.a : pin.obj (.text:PinModeSet)
                  200114e4    00000040     drivers_cc32xx.aem4 : RingBuf.oem4 (.text:RingBuf_get)
                  20011524    00000040     provisioning.obj (.text:SimpleLinkGeneralEventHandler)
                  20011564    00000040     drivers_cc32xx.aem4 : UARTCC32XX.oem4 (.text:UARTCC32XX_read)
                  200115a4    00000040                         : UDMACC32XX.oem4 (.text:UDMACC32XX_init)
                  200115e4    00000040     simplelink.a : driver.obj (.text:_SlDrvGlobalObjUnLock)
                  20011624    00000040                  : driver.obj (.text:_SlFindAndReleasePendingCmd)
                  20011664    00000040                  : spawn.obj (.text:_SlInternalSpawnWaitForEvent)
                  200116a4    00000040                  : eventreg.obj (.text:_SlIsEventRegistered)
                  200116e4    00000004     --HOLE-- [fill = 0]
                  200116e8    00000040     sysbios.aem4 : BIOS.obj (.text:mq_receive)
                  20011728    00000040                  : BIOS.obj (.text:ti_sysbios_heaps_HeapMem_Instance_init__E)
                  20011768    00000040                  : BIOS.obj (.text:ti_sysbios_knl_Clock_Instance_init__E)
                  200117a8    00000040     rtsv7M4_T_le_eabi.lib : vsnprintf.c.obj (.text:vsnprintf)
                  200117e8    0000003e                           : _printfi.c.obj (.text:_fcpy)
                  20011826    0000003e     release_pem4.oem4 (.text:realloc)
                  20011864    00000004     --HOLE-- [fill = 0]
                  20011868    0000003e     sysbios.aem4 : BIOS.obj (.text:sem_timedwait)
                  200118a6    00000002     --HOLE-- [fill = 0]
                  200118a8    0000003c     drivers_cc32xx.aem4 : PowerCC32XX.oem4 (.text:Power_setConstraint)
                  200118e4    0000003c                         : SPI.oem4 (.text:SPI_open)
                  20011920    0000003c     dpl_cc32xx.aem4 : SemaphoreP_tirtos.oem4 (.text:SemaphoreP_create)
                  2001195c    0000003c     drivers_cc32xx.aem4 : UART.oem4 (.text:UART_open)
                  20011998    0000003c     simplelink.a : netapp.obj (.text:_SlNetAppCopyPingResultsToReport)
                  200119d4    0000003c     dpl_cc32xx.aem4 : PowerCC32XX_tirtos.oem4 (.text:getCountsRTC)
                  20011a10    0000003c     sysbios.aem4 : BIOS.obj (.text:pthread_mutex_unlock)
                  20011a4c    00000004     --HOLE-- [fill = 0]
                  20011a50    0000003c                  : BIOS.obj (.text:ti_sysbios_family_arm_m3_Hwi_Instance_finalize__E)
                  20011a8c    00000004     --HOLE-- [fill = 0]
                  20011a90    0000003c                  : BIOS.obj (.text:ti_sysbios_family_arm_m3_Timer_setPeriodMicroSecs__E)
                  20011acc    0000003c     release_pem4.oem4 (.text:ti_sysbios_knl_Clock_create)
                  20011b08    0000003c     sysbios.aem4 : BIOS.obj (.text:ti_sysbios_knl_Clock_walkQueuePeriodic__E)
                  20011b44    00000004     --HOLE-- [fill = 0]
                  20011b48    0000003c                  : BIOS.obj (.text:ti_sysbios_knl_Swi_restore__E)
                  20011b84    00000004     --HOLE-- [fill = 0]
                  20011b88    0000003c                  : BIOS.obj (.text:timer_delete)
                  20011bc4    00000004     --HOLE-- [fill = 0]
                  20011bc8    0000003c                  : BIOS.obj (.text:xdc_runtime_System_processAtExit__E)
                  20011c04    00000038     driverlib.a : prcm.obj (.text:PRCMLPDSEnterKeepDebugIf)
                  20011c3c    00000004     --HOLE-- [fill = 0]
                  20011c40    00000038     sysbios.aem4 : BIOS.obj (.text:mq_send)
                  20011c78    00000038     drivers_cc32xx.aem4 : PowerCC32XX.oem4 (.text:notify)
                  20011cb0    00000038     sysbios.aem4 : BIOS.obj (.text:ti_sysbios_knl_Task_processVitalTaskFlag__I)
                  20011ce8    00000038                  : BIOS.obj (.text:usleep)
                  20011d20    00000036     drivers_cc32xx.aem4 : PowerCC32XX.oem4 (.text:PowerCC32XX_restoreParkedPin)
                  20011d56    00000036                         : UARTCC32XX.oem4 (.text:UARTCC32XX_readCancel)
                  20011d8c    00000034     driverlib.a : pin.obj (.text:PinModeGet)
                  20011dc0    00000034     drivers_cc32xx.aem4 : PowerCC32XX.oem4 (.text:PowerCC32XX_restoreParkState)
                  20011df4    00000034                         : UDMACC32XX.oem4 (.text:UDMACC32XX_close)
                  20011e28    00000034     sysbios.aem4 : BIOS.obj (.text:ti_sysbios_family_arm_m3_Timer_periodicStub__I)
                  20011e5c    00000034     release_pem4.oem4 (.text:ti_sysbios_knl_Semaphore_create)
                  20011e90    00000032     sysbios.aem4 : BIOS.obj (.text:ti_sysbios_hal_Hwi_initStack)
                  20011ec2    00000002     --HOLE-- [fill = 0]
                  20011ec4    00000030     provisioning.obj (.text:StartAsyncEvtTimer)
                  20011ef4    00000030     rtsv7M4_T_le_eabi.lib : vsnprintf.c.obj (.text:_outs)
                  20011f24    00000004     --HOLE-- [fill = 0]
                  20011f28    00000030     sysbios.aem4 : BIOS.obj (.text:findInList$40)
                  20011f58    00000030     release_pem4.oem4 (.text:ti_sysbios_BIOS_atExitFunc__I)
                  20011f88    00000030     release_pem4.oem4 (.text:ti_sysbios_BIOS_startFunc__I)
                  20011fb8    00000030     release_pem4.oem4 (.text:ti_sysbios_gates_GateHwi_Object__create__S)
                  20011fe8    00000030     release_pem4.oem4 (.text:ti_sysbios_gates_GateMutex_Object__create__S)
                  20012018    00000030     sysbios.aem4 : BIOS.obj (.text:ti_sysbios_gates_GateMutex_enter__E)
                  20012048    00000030     release_pem4.oem4 (.text:ti_sysbios_heaps_HeapMem_Object__create__S)
                  20012078    00000030     release_pem4.oem4 (.text:ti_sysbios_knl_Clock_construct)
                  200120a8    00000030     release_pem4.oem4 (.text:ti_sysbios_knl_Semaphore_construct)
                  200120d8    00000030     sysbios.aem4 : BIOS.obj (.text:ti_sysbios_knl_Semaphore_pendTimeout__I)
                  20012108    00000030                  : BIOS.obj (.text:ti_sysbios_knl_Task_restore__E)
                  20012138    00000030                  : BIOS.obj (.text:ti_sysbios_knl_Task_unblockI__E)
                  20012168    0000002e     simplelink.a : cc_pal.obj (.text:Mutex_create_handle)
                  20012196    0000002e     rtsv7M4_T_le_eabi.lib : i_tofd_t2.asm.obj (.text)
                  200121c4    0000002e     release_pem4.oem4 (.text:ti_sysbios_rts_MemAlloc_alloc)
                  200121f2    0000002c     provisioning.obj (.text:GetSecureStatus)
                  2001221e    00000002     --HOLE-- [fill = 0]
                  20012220    0000002c     simplelink.a : cc_pal.obj (.text:NwpPowerOn)
                  2001224c    0000002c     drivers_cc32xx.aem4 : PowerCC32XX.oem4 (.text:PowerCC32XX_getParkState)
                  20012278    0000002c     dpl_cc32xx.aem4 : SemaphoreP_tirtos.oem4 (.text:SemaphoreP_createBinary)
                  200122a4    0000002c     provisioning.obj (.text:StopAsyncEvtTimer)
                  200122d0    0000002c     simplelink.a : driver.obj (.text:_SlDrvSyncObjWaitForever)
                  200122fc    00000004     --HOLE-- [fill = 0]
                  20012300    0000002c     sysbios.aem4 : BIOS.obj (.text:_pthread_cleanupFxn)
                  2001232c    00000004     --HOLE-- [fill = 0]
                  20012330    0000002c                  : BIOS.obj (.text:_pthread_delete$41)
                  2001235c    00000004     --HOLE-- [fill = 0]
                  20012360    0000002c                  : BIOS.obj (.text:clockFxn$39)
                  2001238c    0000002c     release_pem4.oem4 (.text:ti_sysbios_knl_Clock_doTick__I)
                  200123b8    0000002c     sysbios.aem4 : BIOS.obj (.text:ti_sysbios_knl_Clock_getTimeout__E)
                  200123e4    0000002c     release_pem4.oem4 (.text:ti_sysbios_knl_Queue_construct)
                  20012410    0000002a     sysbios.aem4 : BIOS.obj (.text:sem_init)
                  2001243a    00000002     --HOLE-- [fill = 0]
                  2001243c    00000028     driverlib.a : prcm.obj (.text:PRCMPeripheralClkDisable)
                  20012464    00000028     dpl_cc32xx.aem4 : PowerCC32XX_tirtos.oem4 (.text:PowerCC32XX_initPolicy)
                  2001248c    00000028     drivers_cc32xx.aem4 : PowerCC32XX.oem4 (.text:Power_registerNotify)
                  200124b4    00000028     provisioning.obj (.text:SignalEvent)
                  200124dc    00000028     simplelink.a : driver.obj (.text:_SlDrvProtectionObjLockWaitForever)
                  20012504    00000028                  : driver.obj (.text:_SlDrvProtectionObjUnLock)
                  2001252c    00000028                  : flowcont.obj (.text:_SlFlowContSet)
                  20012554    00000004     --HOLE-- [fill = 0]
                  20012558    00000028     sysbios.aem4 : BIOS.obj (.text:ti_sysbios_knl_Clock_addI__E)
                  20012580    00000028                  : BIOS.obj (.text:ti_sysbios_knl_Swi_Module_startup__E)
                  200125a8    00000026     drivers_cc32xx.aem4 : List.oem4 (.text:List_put)
                  200125ce    00000026                         : List.oem4 (.text:List_remove)
                  200125f4    00000024     provisioning.obj (.text:ProcessRestartRequest)
                  20012618    00000024     simplelink.a : driver.obj (.text:_SlDrvIsApiInProgress)
                  2001263c    00000024                  : driver.obj (.text:_SlDrvStartMeasureTimeout)
                  20012660    00000024     sysbios.aem4 : BIOS.obj (.text:pthread_attr_init)
                  20012684    00000024     release_pem4.oem4 (.text:ti_sysbios_BIOS_registerRTSLock__I)
                  200126a8    00000024     release_pem4.oem4 (.text:ti_sysbios_BIOS_removeRTSLock__I)
                  200126cc    00000004     --HOLE-- [fill = 0]
                  200126d0    00000024     sysbios.aem4 : BIOS.obj (.text:ti_sysbios_family_arm_m3_Timer_postInit__I)
                  200126f4    00000004     --HOLE-- [fill = 0]
                  200126f8    00000024                  : BIOS.obj (.text:ti_sysbios_family_arm_m3_Timer_startup__E)
                  2001271c    00000024     release_pem4.oem4 (.text:ti_sysbios_gates_GateMutex_Object__delete__S)
                  20012740    00000024     sysbios.aem4 : BIOS.obj (.text:ti_sysbios_knl_Clock_Module_startup__E)
                  20012764    00000024     release_pem4.oem4 (.text:ti_sysbios_knl_Clock_Object__delete__S)
                  20012788    00000024     sysbios.aem4 : BIOS.obj (.text:ti_sysbios_knl_Clock_start__E)
                  200127ac    00000004     --HOLE-- [fill = 0]
                  200127b0    00000024                  : BIOS.obj (.text:ti_sysbios_knl_Semaphore_Instance_init__E)
                  200127d4    00000024     release_pem4.oem4 (.text:ti_sysbios_knl_Semaphore_Object__delete__S)
                  200127f8    00000024     sysbios.aem4 : BIOS.obj (.text:ti_sysbios_knl_Task_restoreHwi__E)
                  2001281c    00000004     --HOLE-- [fill = 0]
                  20012820    00000024                  : BIOS.obj (.text:xdc_runtime_Error_policyMin__E)
                  20012844    00000020     drivers_cc32xx.aem4 : PowerCC32XX.oem4 (.text:Power_unregisterNotify)
                  20012864    00000020                         : RingBuf.oem4 (.text:RingBuf_peek)
                  20012884    00000020                         : SPICC32XXDMA.oem4 (.text:getPowerMgrId)
                  200128a4    00000020                         : UARTCC32XX.oem4 (.text:getPowerMgrId)
                  200128c4    00000020     release_pem4.oem4 (.text:ti_sysbios_BIOS_rtsLock__I)
                  200128e4    00000020     release_pem4.oem4 (.text:ti_sysbios_family_arm_m3_Hwi_Object__delete__S)
                  20012904    00000004     --HOLE-- [fill = 0]
                  20012908    00000020     sysbios.aem4 : BIOS.obj (.text:ti_sysbios_family_arm_m3_Hwi_clearInterrupt__E)
                  20012928    00000020                  : m3_Hwi_asm.obj (.text:ti_sysbios_family_arm_m3_Hwi_excHandlerAsm__I)
                  20012948    00000020                  : BIOS.obj (.text:ti_sysbios_family_arm_m3_Hwi_excHandler__I)
                  20012968    00000020     release_pem4.oem4 (.text:ti_sysbios_gates_GateHwi_Object__delete__S)
                  20012988    00000020     release_pem4.oem4 (.text:ti_sysbios_heaps_HeapMem_Object__delete__S)
                  200129a8    00000020     release_pem4.oem4 (.text:ti_sysbios_knl_Clock_destruct)
                  200129c8    00000020     sysbios.aem4 : BIOS.obj (.text:ti_sysbios_knl_Idle_run__E)
                  200129e8    00000020     release_pem4.oem4 (.text:ti_sysbios_knl_Semaphore_destruct)
                  20012a08    00000020     release_pem4.oem4 (.text:ti_sysbios_knl_Task_Object__delete__S)
                  20012a28    0000001e     simplelink.a : driver.obj (.text:_SlDrvObjLockWaitForever)
                  20012a46    0000001e                  : driver.obj (.text:_SlDrvObjUnLock)
                  20012a64    0000001e                  : driver.obj (.text:_SlDrvSyncObjSignal)
                  20012a82    0000001e     drivers_cc32xx.aem4 : UDMACC32XX.oem4 (.text:postNotifyFxn)
                  20012aa0    0000001e     sysbios.aem4 : m3_Hwi_asm_switch.obj (.text:ti_sysbios_family_xxx_Hwi_switchAndRunFunc)
                  20012abe    00000002     --HOLE-- [fill = 0]
                  20012ac0    0000001c     uart_term.obj (.text:Message)
                  20012adc    0000001c     driverlib.a : pin.obj (.text:PinToPadGet)
                  20012af8    0000001c     simplelink.a : device.obj (.text:_SlDeviceGetStartResponseConvert)
                  20012b14    0000001c                  : spawn.obj (.text:_SlInternalIsItSpawnThread)
                  20012b30    0000001c     rtsv7M4_T_le_eabi.lib : memccpy.c.obj (.text:memccpy)
                  20012b4c    00000004     --HOLE-- [fill = 0]
                  20012b50    0000001c     sysbios.aem4 : BIOS.obj (.text:ti_sysbios_family_arm_m3_Timer_Module_startup__E)
                  20012b6c    00000004     --HOLE-- [fill = 0]
                  20012b70    0000001c                  : BIOS.obj (.text:ti_sysbios_family_arm_m3_Timer_stop__E)
                  20012b8c    00000004     --HOLE-- [fill = 0]
                  20012b90    0000001c                  : BIOS.obj (.text:ti_sysbios_gates_GateMutex_Instance_init__E)
                  20012bac    00000004     --HOLE-- [fill = 0]
                  20012bb0    0000001c                  : BIOS.obj (.text:ti_sysbios_knl_Clock_Instance_finalize__E)
                  20012bcc    0000001c     release_pem4.oem4 (.text:ti_sysbios_knl_Queue_destruct)
                  20012be8    0000001c     sysbios.aem4 : BIOS.obj (.text:ti_sysbios_knl_Queue_get__E)
                  20012c04    00000004     --HOLE-- [fill = 0]
                  20012c08    0000001c                  : BIOS.obj (.text:ti_sysbios_knl_Queue_put__E)
                  20012c24    00000004     --HOLE-- [fill = 0]
                  20012c28    0000001c                  : BIOS.obj (.text:ti_sysbios_knl_Task_enter__I)
                  20012c44    00000004     --HOLE-- [fill = 0]
                  20012c48    0000001c                  : BIOS.obj (.text:timerThreadFxn$51)
                  20012c64    0000001a     release_pem4.oem4 (.text:free)
                  20012c7e    0000001a     sysbios.aem4 : m3_Hwi_asm.obj (.text:ti_sysbios_family_arm_m3_Hwi_pendSV__I)
                  20012c98    00000018     provisioning.obj (.text:HandleDiscnctEvt)
                  20012cb0    00000018     drivers_cc32xx.aem4 : PowerCC32XX.oem4 (.text:Power_idleFunc)
                  20012cc8    00000018     provisioning.obj (.text:StartConnection)
                  20012ce0    00000018     driverlib.a : uart.obj (.text:UARTBusy)
                  20012cf8    00000018                 : uart.obj (.text:UARTIntEnable)
                  20012d10    00000018     drivers_cc32xx.aem4 : UART.oem4 (.text:UART_Params_init)
                  20012d28    00000018     rtsv7M4_T_le_eabi.lib : args_main.c.obj (.text:_args_main)
                  20012d40    00000018                           : vsnprintf.c.obj (.text:_outc)
                  20012d58    00000018                           : ll_mul_t2.asm.obj (.text)
                  20012d70    00000018                           : strcmp.c.obj (.text:strcmp)
                  20012d88    00000018     release_pem4.oem4 (.text:ti_sysbios_BIOS_rtsUnlock__I)
                  20012da0    00000018     release_pem4.oem4 (.text:ti_sysbios_family_arm_m3_Hwi_Module__startupDone__F)
                  20012db8    00000018     release_pem4.oem4 (.text:ti_sysbios_family_arm_m3_Timer_Module__startupDone__F)
                  20012dd0    00000018     release_pem4.oem4 (.text:ti_sysbios_gates_GateHwi_Handle__label__S)
                  20012de8    00000018     release_pem4.oem4 (.text:ti_sysbios_gates_GateMutex_Handle__label__S)
                  20012e00    00000018     sysbios.aem4 : BIOS.obj (.text:ti_sysbios_gates_GateMutex_leave__E)
                  20012e18    00000018     release_pem4.oem4 (.text:ti_sysbios_heaps_HeapMem_Handle__label__S)
                  20012e30    00000018     sysbios.aem4 : BIOS.obj (.text:ti_sysbios_knl_Task_sleepTimeout__I)
                  20012e48    00000018                  : BIOS.obj (.text:ti_sysbios_rts_ti_ReentSupport_getReent__F)
                  20012e60    00000018     release_pem4.oem4 (.text:ti_sysbios_rts_ti_ReentSupport_getTlsAddr__I)
                  20012e78    00000018     sysbios.aem4 : BIOS.obj (.text:xdc_runtime_Error_init__E)
                  20012e90    00000018                  : BIOS.obj (.text:xdc_runtime_System_exit__E)
                  20012ea8    00000016     driverlib.a : prcm.obj (.text:PRCMHIBRegRead)
                  20012ebe    00000016                 : prcm.obj (.text:PRCMHIBRegWrite)
                  20012ed4    00000016     simplelink.a : driver.obj (.text:_SlDrvMemZero)
                  20012eea    00000006     driverlib.a : utils.obj (.text:UtilsDelay)
                  20012ef0    00000016     sysbios.aem4 : BIOS.obj (.text:pthread_mutex_destroy)
                  20012f06    00000016     rtsv7M4_T_le_eabi.lib : strchr.c.obj (.text:strchr)
                  20012f1c    00000016     release_pem4.oem4 (.text:ti_sysbios_BIOS_exitFunc__I)
                  20012f32    00000006     --HOLE-- [fill = 0]
                  20012f38    00000016     sysbios.aem4 : BIOS.obj (.text:timerFxn$51)
                  20012f4e    00000002     --HOLE-- [fill = 0]
                  20012f50    00000014     drivers_cc32xx.aem4 : PowerCC32XX.oem4 (.text:Power_getDependencyCount)
                  20012f64    00000014                         : SPI.oem4 (.text:SPI_Params_init)
                  20012f78    00000014     sysbios.aem4 : BIOS.obj (.text:pthread_attr_setschedparam)
                  20012f8c    00000014     drivers_cc32xx.aem4 : UARTCC32XX.oem4 (.text:releasePowerConstraint)
                  20012fa0    00000014     rtsv7M4_T_le_eabi.lib : strcpy.c.obj (.text:strcpy)
                  20012fb4    00000014                           : strlen.c.obj (.text:strlen)
                  20012fc8    00000014     release_pem4.oem4 (.text:ti_sysbios_family_arm_m3_Hwi_Object__get__S)
                  20012fdc    00000004     --HOLE-- [fill = 0]
                  20012fe0    00000014     sysbios.aem4 : BIOS.obj (.text:ti_sysbios_family_arm_m3_Hwi_switchFromBootStack__E)
                  20012ff4    00000014                  : m3_TaskSupport_asm.obj (.text:ti_sysbios_family_arm_m3_TaskSupport_swap__E)
                  20013008    00000014     release_pem4.oem4 (.text:ti_sysbios_heaps_HeapMem_Object__get__S)
                  2001301c    00000004     --HOLE-- [fill = 0]
                  20013020    00000014     sysbios.aem4 : BIOS.obj (.text:ti_sysbios_knl_Clock_tickReconfig__E)
                  20013034    00000014     release_pem4.oem4 (.text:ti_sysbios_knl_Swi_Object__get__S)
                  20013048    00000012     drivers_cc32xx.aem4 : RingBuf.oem4 (.text:RingBuf_construct)
                  2001305a    00000012     dpl_cc32xx.aem4 : SemaphoreP_tirtos.oem4 (.text:SemaphoreP_pend)
                  2001306c    00000004     --HOLE-- [fill = 0]
                  20013070    00000012     sysbios.aem4 : BIOS.obj (.text:_pthread_runStub$41)
                  20013082    00000006     --HOLE-- [fill = 0]
                  20013088    00000012                  : BIOS.obj (.text:ti_sysbios_hal_Hwi_Module_startup__E)
                  2001309a    00000012     rtsv7M4_T_le_eabi.lib : wcslen.c.obj (.text:wcslen)
                  200130ac    00000012     release_pem4.oem4 (.text:xdc_runtime_Startup_exec__I)
                  200130be    00000002     --HOLE-- [fill = 0]
                  200130c0    00000010     provisioning.obj (.text:HandleConnection)
                  200130d0    00000010     dpl_cc32xx.aem4 : HwiP_tirtos.oem4 (.text:HwiP_Params_init)
                  200130e0    00000010     simplelink.a : driver.obj (.text:_SlDrvDispatchHttpServerEvents)
                  200130f0    00000010                  : driver.obj (.text:_SlDrvDispatchNetAppRequestEvents)
                  20013100    00000010                  : driver.obj (.text:_SlDrvIsSpawnOwnGlobalLock)
                  20013110    00000010     CC3220S_LAUNCHXL.obj (.text:dmaErrorFxn)
                  20013120    00000010     sysbios.aem4 : BIOS.obj (.text:pthread_mutexattr_init)
                  20013130    00000010                  : BIOS.obj (.text:pthread_mutexattr_settype)
                  20013140    00000010     drivers_cc32xx.aem4 : UARTCC32XX.oem4 (.text:readBlockingTimeout)
                  20013150    00000010     sysbios.aem4 : BIOS.obj (.text:ti_sysbios_BIOS_getCpuFreq__E)
                  20013160    00000010                  : BIOS.obj (.text:ti_sysbios_BIOS_setThreadType__E)
                  20013170    00000010                  : BIOS.obj (.text:ti_sysbios_BIOS_start__E)
                  20013180    00000010                  : m3_TaskSupport_asm.obj (.text:ti_sysbios_family_arm_m3_TaskSupport_glue)
                  20013190    00000010                  : BIOS.obj (.text:ti_sysbios_gates_GateMutex_Instance_finalize__E)
                  200131a0    00000010     release_pem4.oem4 (.text:ti_sysbios_knl_Mailbox_Object__get__S)
                  200131b0    00000010     sysbios.aem4 : BIOS.obj (.text:ti_sysbios_knl_Semaphore_Instance_finalize__E)
                  200131c0    00000010                  : BIOS.obj (.text:ti_sysbios_knl_Swi_disable__E)
                  200131d0    00000010     release_pem4.oem4 (.text:ti_sysbios_knl_Task_Object__get__S)
                  200131e0    00000010     sysbios.aem4 : BIOS.obj (.text:ti_sysbios_knl_Task_disable__E)
                  200131f0    00000010                  : BIOS.obj (.text:xdc_runtime_Memory_free__E)
                  20013200    00000010                  : BIOS.obj (.text:xdc_runtime_SysCallback_abort__E)
                  20013210    00000010                  : BIOS.obj (.text:xdc_runtime_SysCallback_exit__E)
                  20013220    0000000e     provisioning.obj (.text:CheckLanConnection)
                  2001322e    0000000e     drivers_cc32xx.aem4 : RingBuf.oem4 (.text:RingBuf_isFull)
                  2001323c    0000000e     simplelink.a : driver.obj (.text:_SlDrvResetCmdExt)
                  2001324a    0000000e     rtsv7M4_T_le_eabi.lib : copy_decompress_none.c.obj (.text:decompress:none:__TI_decompress_none)
                  20013258    0000000e     drivers_cc32xx.aem4 : SPICC32XXDMA.oem4 (.text:postNotifyFxn)
                  20013266    00000002     --HOLE-- [fill = 0]
                  20013268    0000000e     sysbios.aem4 : BIOS.obj (.text:pthread_attr_setdetachstate)
                  20013276    00000002     --HOLE-- [fill = 0]
                  20013278    0000000e                  : BIOS.obj (.text:sem_wait)
                  20013286    0000000e     simplelink.a : cc_pal.obj (.text:spi_Close)
                  20013294    00000004     --HOLE-- [fill = 0]
                  20013298    0000000e     sysbios.aem4 : BIOS.obj (.text:ti_sysbios_knl_Idle_loop__E)
                  200132a6    00000002     --HOLE-- [fill = 0]
                  200132a8    0000000e                  : BIOS.obj (.text:ti_sysbios_knl_Queue_empty__E)
                  200132b6    0000000c     provisioning.obj (.text:AsyncEvtTimerHandler)
                  200132c2    0000000c     CC3220S_LAUNCHXL.obj (.text:CC3220S_LAUNCHXL_initGeneral)
                  200132ce    0000000c     dpl_cc32xx.aem4 : ClockP_tirtos.oem4 (.text:ClockP_delete)
                  200132da    0000000c     provisioning.obj (.text:HandleProvisioningTimeOut)
                  200132e6    0000000c     provisioning.obj (.text:HandleWaitForIp)
                  200132f2    0000000c     dpl_cc32xx.aem4 : HwiP_tirtos.oem4 (.text:HwiP_delete)
                  200132fe    00000002     --HOLE-- [fill = 0]
                  20013300    0000000c     simplelink.a : cc_pal.obj (.text:NwpMaskInterrupt)
                  2001330c    0000000c                  : cc_pal.obj (.text:NwpUnMaskInterrupt)
                  20013318    0000000c     drivers_cc32xx.aem4 : PowerCC32XX.oem4 (.text:Power_getConstraintMask)
                  20013324    0000000c     dpl_cc32xx.aem4 : SemaphoreP_tirtos.oem4 (.text:SemaphoreP_delete)
                  20013330    0000000c     provisioning.obj (.text:SimpleLinkHttpServerEventHandler)
                  2001333c    0000000c     provisioning.obj (.text:SimpleLinkNetAppRequestEventHandler)
                  20013348    0000000c     simplelink.a : device.obj (.text:_SlDeviceResetRequestInitCompletedCB)
                  20013354    0000000c     rtsv7M4_T_le_eabi.lib : _lock.c.obj (.text:_register_lock)
                  20013360    0000000c                           : _lock.c.obj (.text:_register_unlock)
                  2001336c    0000000c                           : copy_zero_init.c.obj (.text:decompress:ZI:__TI_zero_init)
                  20013378    0000000c     drivers_cc32xx.aem4 : UARTCC32XX.oem4 (.text:postNotifyFxn)
                  20013384    00000004     --HOLE-- [fill = 0]
                  20013388    0000000c     sysbios.aem4 : BIOS.obj (.text:pthread_self)
                  20013394    0000000c     release_pem4.oem4 (.text:ti_sysbios_family_arm_m3_Hwi_Params__init__S)
                  200133a0    0000000c     sysbios.aem4 : BIOS.obj (.text:ti_sysbios_family_arm_m3_Hwi_disableFxn__E)
                  200133ac    00000004     --HOLE-- [fill = 0]
                  200133b0    0000000c                  : BIOS.obj (.text:ti_sysbios_family_arm_m3_TaskSupport_getStackAlignment__E)
                  200133bc    00000004     --HOLE-- [fill = 0]
                  200133c0    0000000c                  : BIOS.obj (.text:ti_sysbios_gates_GateHwi_enter__E)
                  200133cc    0000000c     release_pem4.oem4 (.text:ti_sysbios_knl_Clock_Params__init__S)
                  200133d8    0000000c     sysbios.aem4 : BIOS.obj (.text:ti_sysbios_knl_Clock_getTicks__E)
                  200133e4    00000004     --HOLE-- [fill = 0]
                  200133e8    0000000c                  : BIOS.obj (.text:ti_sysbios_knl_Clock_setTicks__E)
                  200133f4    00000004     --HOLE-- [fill = 0]
                  200133f8    0000000c                  : BIOS.obj (.text:ti_sysbios_knl_Clock_tickStart__E)
                  20013404    00000004     --HOLE-- [fill = 0]
                  20013408    0000000c                  : BIOS.obj (.text:ti_sysbios_knl_Clock_tickStop__E)
                  20013414    0000000c     release_pem4.oem4 (.text:ti_sysbios_knl_Queue_Object__get__S)
                  20013420    0000000c     release_pem4.oem4 (.text:ti_sysbios_knl_Semaphore_Params__init__S)
                  2001342c    0000000c     release_pem4.oem4 (.text:ti_sysbios_knl_Task_Params__init__S)
                  20013438    0000000c     sysbios.aem4 : BIOS.obj (.text:ti_sysbios_knl_Task_self__E)
                  20013444    00000004     --HOLE-- [fill = 0]
                  20013448    0000000c                  : BIOS.obj (.text:ti_sysbios_rts_ti_ReentSupport_taskRegHook__I)
                  20013454    0000000c     driverlib.a : udma.obj (.text:uDMAErrorStatusClear)
                  20013460    0000000c                 : udma.obj (.text:uDMAErrorStatusGet)
                  2001346c    00000004     --HOLE-- [fill = 0]
                  20013470    0000000c     sysbios.aem4 : BIOS.obj (.text:xdc_runtime_Startup_rtsDone__E)
                  2001347c    0000000a     dpl_cc32xx.aem4 : ClockP_tirtos.oem4 (.text:ClockP_Params_init)
                  20013486    0000000a     drivers_cc32xx.aem4 : SPI.oem4 (.text:SPI_close)
                  20013490    0000000a                         : SPI.oem4 (.text:SPI_transfer)
                  2001349a    0000000a     provisioning.obj (.text:SimpleLinkNetAppRequestMemFreeEventHandler)
                  200134a4    0000000a     drivers_cc32xx.aem4 : UART.oem4 (.text:UART_control)
                  200134ae    0000000a                         : UART.oem4 (.text:UART_writePolling)
                  200134b8    0000000a     sysbios.aem4 : BIOS.obj (.text:sem_destroy)
                  200134c2    00000006     --HOLE-- [fill = 0]
                  200134c8    0000000a                  : BIOS.obj (.text:sem_post)
                  200134d2    0000000a     simplelink.a : device.obj (.text:sl_Task)
                  200134dc    0000000a     release_pem4.oem4 (.text:xdc_runtime_IHeap_alloc)
                  200134e6    0000000a     release_pem4.oem4 (.text:xdc_runtime_IHeap_free)
                  200134f0    00000008     dpl_cc32xx.aem4 : SemaphoreP_tirtos.oem4 (.text:SemaphoreP_Params_init)
                  200134f8    00000008     simplelink.a : cc_pal.obj (.text:TimerGetCurrentTimestamp)
                  20013500    00000008     drivers_cc32xx.aem4 : SPICC32XXDMA.oem4 (.text:blockingTransferCallback)
                  20013508    00000008     rtsv7M4_T_le_eabi.lib : s_copysign.c.obj (.text:copysign)
                  20013510    00000008     sysbios.aem4 : BIOS.obj (.text:pthread_attr_setstacksize)
                  20013518    00000008                  : BIOS.obj (.text:pthread_mutex_lock)
                  20013520    00000008     drivers_cc32xx.aem4 : UARTCC32XX.oem4 (.text:readSemCallback)
                  20013528    00000008     sysbios.aem4 : BIOS.obj (.text:ti_sysbios_family_arm_m3_Hwi_doSwiRestore__I)
                  20013530    00000008                  : BIOS.obj (.text:ti_sysbios_family_arm_m3_Hwi_startup__E)
                  20013538    00000008     drivers_cc32xx.aem4 : UARTCC32XX.oem4 (.text:writeSemCallback)
                  20013540    00000006     sysbios.aem4 : BIOS.obj (.text:ti_sysbios_family_arm_m3_Hwi_doTaskRestore__I)
                  20013546    00000002     --HOLE-- [fill = 0]
                  20013548    00000006                  : BIOS.obj (.text:ti_sysbios_family_arm_m3_Hwi_restoreFxn__E)
                  2001354e    00000002     --HOLE-- [fill = 0]
                  20013550    00000006                  : BIOS.obj (.text:ti_sysbios_gates_GateHwi_leave__E)
                  20013556    00000002     --HOLE-- [fill = 0]
                  20013558    00000006                  : BIOS.obj (.text:ti_sysbios_heaps_HeapMem_isBlocking__E)
                  2001355e    00000002     --HOLE-- [fill = 0]
                  20013560    00000006                  : BIOS.obj (.text:ti_sysbios_knl_Clock_stop__E)
                  20013566    00000002     --HOLE-- [fill = 0]
                  20013568    00000006                  : BIOS.obj (.text:ti_sysbios_knl_Queue_Instance_init__E)
                  2001356e    00000002     --HOLE-- [fill = 0]
                  20013570    00000006                  : BIOS.obj (.text:ti_sysbios_knl_Swi_startup__E)
                  20013576    00000002     --HOLE-- [fill = 0]
                  20013578    00000006                  : BIOS.obj (.text:xdc_runtime_System_Module_startup__E)
                  2001357e    00000002     --HOLE-- [fill = 0]
                  20013580    00000004                  : BIOS.obj (.text:__aeabi_errno_addr)
                  20013584    00000004     --HOLE-- [fill = 0]
                  20013588    00000004                  : BIOS.obj (.text:ti_sysbios_family_arm_m3_Timer_getMaxTicks__E)
                  2001358c    00000004     --HOLE-- [fill = 0]
                  20013590    00000004                  : BIOS.obj (.text:ti_sysbios_gates_GateHwi_query__E)
                  20013594    00000004     --HOLE-- [fill = 0]
                  20013598    00000004                  : BIOS.obj (.text:ti_sysbios_gates_GateMutex_query__E)
                  2001359c    00000004     --HOLE-- [fill = 0]
                  200135a0    00000004                  : BIOS.obj (.text:ti_sysbios_knl_Clock_setTimeout__E)
                  200135a4    00000004     --HOLE-- [fill = 0]
                  200135a8    00000004                  : BIOS.obj (.text:ti_sysbios_knl_Task_startup__E)
                  200135ac    00000004     --HOLE-- [fill = 0]
                  200135b0    00000002                  : BIOS.obj (.text:ti_sysbios_BIOS_linkedWithIncorrectBootLibrary__E)
                  200135b2    00000006     --HOLE-- [fill = 0]
                  200135b8    00000002                  : BIOS.obj (.text:ti_sysbios_gates_GateHwi_Instance_init__E)
                  200135ba    00000006     --HOLE-- [fill = 0]
                  200135c0    00000002                  : BIOS.obj (.text:ti_sysbios_knl_Clock_logTick__E)
                  200135c2    00000006     --HOLE-- [fill = 0]
                  200135c8    00000002                  : BIOS.obj (.text:xdc_runtime_SysCallback_defaultAbort)
                  200135ca    00000006     --HOLE-- [fill = 0]
                  200135d0    00000002                  : BIOS.obj (.text:xdc_runtime_SysCallback_defaultExit)
                  200135d2    00000006     --HOLE-- [fill = 0]
                  200135d8    00000002                  : BIOS.obj (.text:xdc_runtime_System_abortSpin__E)
                  200135da    00000006     --HOLE-- [fill = 0]
                  200135e0    00000002                  : BIOS.obj (.text:xdc_runtime_System_exitSpin__E)

.bss       0    2001b800    000010e2     UNINITIALIZED
                  2001b800    00000400     CC3220S_LAUNCHXL.obj (.bss:dmaControlTable)
                  2001bc00    000003fc     (.common:g_CB)
                  2001bffc    0000030c     (.common:ti_sysbios_family_arm_m3_Hwi_dispatchTable)
                  2001c308    00000200     release_pem4.oem4 (.bss:taskStackSection)
                  2001c508    0000012c     (.common:PowerCC32XX_contextSave)
                  2001c634    00000108     (.common:uartCC3220SObjects)
                  2001c73c    00000088     (.common:spiCC3220SDMAObjects)
                  2001c7c4    00000040     (.common:uartCC3220SRingBuffer)
                  2001c804    0000002c     (.common:GlobalLockObj)
                  2001c830    00000028     (.common:g_SlInternalSpawnCB)
                  2001c858    00000020     drivers_cc32xx.aem4 : GPIOCC32XX.oem4 (.bss:gpioCallbackInfo)
                  2001c878    00000014                         : UDMACC32XX.oem4 (.bss:postNotifyObj)
                  2001c88c    00000014                         : GPIOCC32XX.oem4 (.bss:powerNotifyObj)
                  2001c8a0    0000000c     (.common:DeviceCB)
                  2001c8ac    0000000c     (.common:Msg)
                  2001c8b8    00000008     (.common:udmaCC3220SObject)
                  2001c8c0    00000008     (.common:spiCC3220SDMAscratchBuf)
                  2001c8c8    00000004                         : GPIOCC32XX.oem4 (.bss)
                  2001c8cc    00000004     uart_term.obj (.bss)
                  2001c8d0    00000004     (.common:ClockP_tickPeriod)
                  2001c8d4    00000004     (.common:gProvisioningSMQueue)
                  2001c8d8    00000004     (.common:gTimer)
                  2001c8dc    00000004     (.common:ti_sysbios_knl_Task_Instance_State_0_hookEnv__A)
                  2001c8e0    00000001     (.common:RxIrqCnt)
                  2001c8e1    00000001     (.common:g_CurrentState)

.const     0    2001c8e4    00000ee9     
                  2001c8e4    000002a0     provisioning.obj (.const:gTransitionTable)
                  2001cb84    00000101     rtsv7M4_T_le_eabi.lib : ctype.c.obj (.const:.string:_ctypes_)
                  2001cc85    00000001     release_pem4.oem4 (.const:ti_sysbios_knl_Clock_tickMode__C)
                  2001cc86    00000002     release_pem4.oem4 (.const:ti_sysbios_family_arm_m3_Hwi_Module__id__C)
                  2001cc88    00000100     driverlib.a : pin.obj (.const:g_ulPinToPadMap)
                  2001cd88    000000a8                 : prcm.obj (.const:PRCM_PeriphRegsList)
                  2001ce30    00000078     CC3220S_LAUNCHXL.obj (.const:spiCC3220SDMAHWAttrs)
                  2001cea8    00000070     simplelink.a : driver.obj (.const:OpcodeTranslateTable)
                  2001cf18    00000058     release_pem4.oem4 (.const:.string)
                  2001cf70    00000058     simplelink.a : driver.obj (.const:_SlActionLookupTable)
                  2001cfc8    00000048     CC3220S_LAUNCHXL.obj (.const:uartCC3220SHWAttrs)
                  2001d010    00000044     release_pem4.oem4 (.const:ti_sysbios_knl_Task_Object__PARAMS__C)
                  2001d054    00000040     CC3220S_LAUNCHXL.obj (.const:PowerCC32XX_config)
                  2001d094    0000003a     provisioning.obj (.const:.string)
                  2001d0ce    00000002     release_pem4.oem4 (.const:ti_sysbios_family_arm_m3_Timer_Module__id__C)
                  2001d0d0    00000034     release_pem4.oem4 (.const:ti_sysbios_knl_Mailbox_Object__PARAMS__C)
                  2001d104    00000030     release_pem4.oem4 (.const:ti_sysbios_family_arm_m3_Hwi_Object__PARAMS__C)
                  2001d134    00000028     drivers_cc32xx.aem4 : UARTCC32XX.oem4 (.const:UARTCC32XX_fxnTable)
                  2001d15c    00000028     release_pem4.oem4 (.const:ti_sysbios_heaps_HeapMem_Module__FXNS__C)
                  2001d184    00000024     drivers_cc32xx.aem4 : UART.oem4 (.const:UART_defaultParams)
                  2001d1a8    00000024     release_pem4.oem4 (.const:ti_sysbios_gates_GateHwi_Module__FXNS__C)
                  2001d1cc    00000024     release_pem4.oem4 (.const:ti_sysbios_gates_GateMutex_Module__FXNS__C)
                  2001d1f0    00000024     release_pem4.oem4 (.const:ti_sysbios_heaps_HeapMem_Object__PARAMS__C)
                  2001d214    00000024     release_pem4.oem4 (.const:ti_sysbios_knl_Clock_Object__PARAMS__C)
                  2001d238    00000024     release_pem4.oem4 (.const:ti_sysbios_knl_Semaphore_Object__PARAMS__C)
                  2001d25c    00000021     drivers_cc32xx.aem4 : GPIOCC32XX.oem4 (.const:.string:pinTable)
                  2001d27d    00000001     release_pem4.oem4 (.const:ti_sysbios_knl_Clock_tickSource__C)
                  2001d27e    00000002     release_pem4.oem4 (.const:ti_sysbios_heaps_HeapMem_Module__id__C)
                  2001d280    00000020     simplelink.a : driver.obj (.const:RxMsgClassLUT)
                  2001d2a0    00000020     drivers_cc32xx.aem4 : SPI.oem4 (.const:SPI_defaultParams)
                  2001d2c0    00000020     simplelink.a : device.obj (.const:StartResponseLUT)
                  2001d2e0    00000020     drivers_cc32xx.aem4 : UARTCC32XX.oem4 (.const:staticFxnTable)
                  2001d300    00000020     release_pem4.oem4 (.const:ti_sysbios_family_arm_m3_Hwi_Object__DESC__C)
                  2001d320    00000020     release_pem4.oem4 (.const:ti_sysbios_gates_GateHwi_Object__DESC__C)
                  2001d340    00000020     release_pem4.oem4 (.const:ti_sysbios_gates_GateMutex_Object__DESC__C)
                  2001d360    00000020     release_pem4.oem4 (.const:ti_sysbios_heaps_HeapMem_Object__DESC__C)
                  2001d380    00000020     release_pem4.oem4 (.const:ti_sysbios_knl_Clock_Object__DESC__C)
                  2001d3a0    00000020     release_pem4.oem4 (.const:ti_sysbios_knl_Mailbox_Object__DESC__C)
                  2001d3c0    00000020     release_pem4.oem4 (.const:ti_sysbios_knl_Queue_Object__DESC__C)
                  2001d3e0    00000020     release_pem4.oem4 (.const:ti_sysbios_knl_Semaphore_Object__DESC__C)
                  2001d400    00000020     release_pem4.oem4 (.const:ti_sysbios_knl_Task_Object__DESC__C)
                  2001d420    00000020     release_pem4.oem4 (.const:xdc_runtime_Startup_sfxnTab__A)
                  2001d440    00000018     drivers_cc32xx.aem4 : SPICC32XXDMA.oem4 (.const:SPICC32XXDMA_fxnTable)
                  2001d458    00000018     CC3220S_LAUNCHXL.obj (.const:SPI_config)
                  2001d470    00000018     CC3220S_LAUNCHXL.obj (.const:UART_config)
                  2001d488    00000018     release_pem4.oem4 (.const:ti_sysbios_gates_GateHwi_Object__PARAMS__C)
                  2001d4a0    00000018     release_pem4.oem4 (.const:ti_sysbios_gates_GateMutex_Object__PARAMS__C)
                  2001d4b8    00000018     release_pem4.oem4 (.const:ti_sysbios_knl_Queue_Object__PARAMS__C)
                  2001d4d0    00000018     release_pem4.oem4 (.const:ti_sysbios_knl_Task_hooks__A)
                  2001d4e8    00000014     simplelink.a : cc_pal.obj (.const:$P$T0$1)
                  2001d4fc    00000014                  : device.obj (.const:$P$T0$1)
                  2001d510    00000014                  : driver.obj (.const:$P$T0$1)
                  2001d524    00000014                  : cc_pal.obj (.const:$P$T1$2)
                  2001d538    00000014     provisioning.obj (.const:$P$T2$3)
                  2001d54c    00000014     simplelink.a : driver.obj (.const:$P$T2$3)
                  2001d560    00000014     CC3220S_LAUNCHXL.obj (.const:GPIOCC32XX_config)
                  2001d574    00000014     drivers_cc32xx.aem4 : GPIOCC32XX.oem4 (.const:gpioBaseAddresses)
                  2001d588    00000014                         : UARTCC32XX.oem4 (.const:parityType)
                  2001d59c    00000014                         : GPIOCC32XX.oem4 (.const:powerResources)
                  2001d5b0    00000010     provisioning.obj (.const:$P$T0$1)
                  2001d5c0    00000010     provisioning.obj (.const:$P$T1$2)
                  2001d5d0    00000010     drivers_cc32xx.aem4 : UARTCC32XX.oem4 (.const:dataLength)
                  2001d5e0    00000010     release_pem4.oem4 (.const:xdc_runtime_Startup_sfxnRts__A)
                  2001d5f0    0000000d     CC3220S_LAUNCHXL.obj (.const)
                  2001d5fd    00000001     release_pem4.oem4 (.const:xdc_runtime_Error_policy__C)
                  2001d5fe    00000002     release_pem4.oem4 (.const:xdc_runtime_Memory_Module__id__C)
                  2001d600    0000000c     drivers_cc32xx.aem4 : SPICC32XXDMA.oem4 (.const:dmaNullConfig)
                  2001d60c    0000000c                         : SPICC32XXDMA.oem4 (.const:dmaRxConfig)
                  2001d618    0000000c                         : SPICC32XXDMA.oem4 (.const:dmaTxConfig)
                  2001d624    0000000c     CC3220S_LAUNCHXL.obj (.const:udmaCC3220SHWAttrs)
                  2001d630    0000000c     release_pem4.oem4 (.const:xdc_runtime_Startup_firstFxns__A)
                  2001d63c    0000000a     provisioning.obj (.const:.string:$P$T3$4)
                  2001d646    00000002     release_pem4.oem4 (.const:xdc_runtime_Text_charCnt__C)
                  2001d648    00000008     CC3220S_LAUNCHXL.obj (.const:UDMACC32XX_config)
                  2001d650    00000008     simplelink.a : driver.obj (.const:g_H2NCnysPattern)
                  2001d658    00000008                  : driver.obj (.const:g_H2NSyncPattern)
                  2001d660    00000008     drivers_cc32xx.aem4 : SPICC32XXDMA.oem4 (.const:mode)
                  2001d668    00000008                         : GPIOCC32XX.oem4 (.const:outPinTypes)
                  2001d670    00000008     release_pem4.oem4 (.const)
                  2001d678    00000008     drivers_cc32xx.aem4 : UARTCC32XX.oem4 (.const:stopBits)
                  2001d680    00000008     release_pem4.oem4 (.const:ti_sysbios_knl_Idle_funcList__A)
                  2001d688    00000008     release_pem4.oem4 (.const:ti_sysbios_knl_Idle_funcList__C)
                  2001d690    00000008     release_pem4.oem4 (.const:ti_sysbios_knl_Task_hooks__C)
                  2001d698    00000008     release_pem4.oem4 (.const:xdc_runtime_Startup_firstFxns__C)
                  2001d6a0    00000008     release_pem4.oem4 (.const:xdc_runtime_Startup_lastFxns__C)
                  2001d6a8    00000006     drivers_cc32xx.aem4 : GPIOCC32XX.oem4 (.const:.string:interruptType)
                  2001d6ae    00000006                         : GPIOCC32XX.oem4 (.const:inPinTypes)
                  2001d6b4    00000006                         : GPIOCC32XX.oem4 (.const:outPinStrengths)
                  2001d6ba    00000004     simplelink.a : netapp.obj (.const:$P$T0$1)
                  2001d6be    00000004     drivers_cc32xx.aem4 : GPIOCC32XX.oem4 (.const:.string:portInterruptIds)
                  2001d6c2    00000004     simplelink.a : device.obj (.const:_SlDeviceGetCmdCtrl)
                  2001d6c6    00000004                  : netapp.obj (.const:_SlNetAppSendResponseCmdCtrl)
                  2001d6ca    00000004                  : netapp.obj (.const:_SlNetAppSendTokenValueCmdCtrl)
                  2001d6ce    00000004                  : netcfg.obj (.const:_SlNetCfgGetCmdCtrl)
                  2001d6d2    00000004                  : wlan.obj (.const:_SlProvisioningCmdCtrl)
                  2001d6d6    00000004                  : sl_socket.obj (.const:_SlRecvfomCmdCtrl)
                  2001d6da    00000004                  : sl_socket.obj (.const:_SlSelectCmdCtrl)
                  2001d6de    00000004                  : device.obj (.const:_SlStopCmdCtrl)
                  2001d6e2    00000004                  : wlan.obj (.const:_SlWlanCfgGetCmdCtrl)
                  2001d6e6    00000004                  : wlan.obj (.const:_SlWlanCfgSetCmdCtrl)
                  2001d6ea    00000002     release_pem4.oem4 (.const:xdc_runtime_Text_isLoaded__C)
                  2001d6ec    00000004     release_pem4.oem4 (.const:ti_sysbios_family_arm_m3_Hwi_E_alreadyDefined__C)
[...]
20013519  pthread_mutex_lock                                              
20013529  ti_sysbios_family_arm_m3_Hwi_doSwiRestore__I                    
20013531  ti_sysbios_family_arm_m3_Hwi_startup__E                         
20013531  ti_sysbios_hal_Hwi_HwiProxy_startup__E                          
20013531  ti_sysbios_hal_Hwi_startup__E                                   
20013541  ti_sysbios_family_arm_m3_Hwi_doTaskRestore__I                   
20013549  HwiP_restore                                                    
20013549  ti_sysbios_family_arm_m3_Hwi_restoreFxn__E                      
20013549  ti_sysbios_hal_Hwi_HwiProxy_restore__E                          
20013551  ti_sysbios_gates_GateHwi_leave__E                               
20013559  ti_sysbios_heaps_HeapMem_isBlocking__E                          
20013561  ti_sysbios_knl_Clock_stop__E                                    
20013569  ti_sysbios_knl_Queue_Instance_init__E                           
20013571  ti_sysbios_knl_Swi_startup__E                                   
20013579  xdc_runtime_System_Module_startup__E                            
20013581  __aeabi_errno_addr                                              
20013589  ti_sysbios_family_arm_m3_Timer_getMaxTicks__E                   
20013591  ti_sysbios_gates_GateHwi_query__E                               
20013591  xdc_runtime_Main_Module_GateProxy_query__E                      
20013591  xdc_runtime_System_Module_GateProxy_query__E                    
20013599  ti_sysbios_BIOS_RtsGateProxy_query__E                           
20013599  ti_sysbios_gates_GateMutex_query__E                             
20013599  ti_sysbios_heaps_HeapMem_Module_GateProxy_query__E              
200135a1  ti_sysbios_knl_Clock_setTimeout__E                              
200135a9  ti_sysbios_knl_Task_startup__E                                  
200135b1  ti_sysbios_BIOS_linkedWithIncorrectBootLibrary__E               
200135b9  ti_sysbios_gates_GateHwi_Instance_init__E                       
200135c1  ti_sysbios_knl_Clock_logTick__E                                 
200135c9  xdc_runtime_SysCallback_defaultAbort                            
200135d1  xdc_runtime_SysCallback_defaultExit                             
200135d9  xdc_runtime_System_abortSpin__E                                 
200135e1  xdc_runtime_System_exitSpin__E                                  
200135e8  __primary_heap_start__                                          
2001b5e8  __primary_heap_end__                                            
2001bc00  g_CB                                                            
2001bffc  ti_sysbios_family_arm_m3_Hwi_dispatchTable                      
2001c308  ti_sysbios_knl_Task_Instance_State_0_stack__A                   
2001c508  PowerCC32XX_contextSave                                         
2001c634  uartCC3220SObjects                                              
2001c73c  spiCC3220SDMAObjects                                            
2001c7c4  uartCC3220SRingBuffer                                           
2001c804  GlobalLockObj                                                   
2001c830  g_SlInternalSpawnCB                                             
2001c8a0  DeviceCB                                                        
2001c8ac  Msg                                                             
2001c8b8  udmaCC3220SObject                                               
2001c8c0  spiCC3220SDMAscratchBuf                                         
2001c8d0  ClockP_tickPeriod                                               
2001c8d4  gProvisioningSMQueue                                            
2001c8d8  gTimer                                                          
2001c8dc  ti_sysbios_knl_Task_Instance_State_0_hookEnv__A                 
2001c8e0  RxIrqCnt                                                        
2001c8e1  g_CurrentState                                                  
2001c8e4  gTransitionTable                                                
2001cb84  _ctypes_                                                        
2001cc85  ti_sysbios_knl_Clock_tickMode__C                                
2001cc86  ti_sysbios_family_arm_m3_Hwi_Module__id__C                      
2001ce30  spiCC3220SDMAHWAttrs                                            
2001cea8  OpcodeTranslateTable                                            
2001cf70  _SlActionLookupTable                                            
2001cfc8  uartCC3220SHWAttrs                                              
2001d010  ti_sysbios_knl_Task_Object__PARAMS__C                           
2001d054  PowerCC32XX_config                                              
2001d0ce  ti_sysbios_family_arm_m3_Timer_Module__id__C                    
2001d0d0  ti_sysbios_knl_Mailbox_Object__PARAMS__C                        
2001d104  ti_sysbios_family_arm_m3_Hwi_Object__PARAMS__C                  
2001d134  UARTCC32XX_fxnTable                                             
2001d15c  ti_sysbios_heaps_HeapMem_Module__FXNS__C                        
2001d184  UART_defaultParams                                              
2001d1a8  ti_sysbios_gates_GateHwi_Module__FXNS__C                        
2001d1cc  ti_sysbios_gates_GateMutex_Module__FXNS__C                      
2001d1f0  ti_sysbios_heaps_HeapMem_Object__PARAMS__C                      
2001d214  ti_sysbios_knl_Clock_Object__PARAMS__C                          
2001d238  ti_sysbios_knl_Semaphore_Object__PARAMS__C                      
2001d27d  ti_sysbios_knl_Clock_tickSource__C                              
2001d27e  ti_sysbios_heaps_HeapMem_Module__id__C                          
2001d2a0  SPI_defaultParams                                               
2001d300  ti_sysbios_family_arm_m3_Hwi_Object__DESC__C                    
2001d320  ti_sysbios_gates_GateHwi_Object__DESC__C                        
2001d340  ti_sysbios_gates_GateMutex_Object__DESC__C                      
2001d360  ti_sysbios_heaps_HeapMem_Object__DESC__C                        
2001d380  ti_sysbios_knl_Clock_Object__DESC__C                            
2001d3a0  ti_sysbios_knl_Mailbox_Object__DESC__C                          
2001d3c0  ti_sysbios_knl_Queue_Object__DESC__C                            
2001d3e0  ti_sysbios_knl_Semaphore_Object__DESC__C                        
2001d400  ti_sysbios_knl_Task_Object__DESC__C                             
2001d420  xdc_runtime_Startup_sfxnTab__A                                  
2001d440  SPICC32XXDMA_fxnTable                                           
2001d458  SPI_config                                                      
2001d470  UART_config                                                     
2001d488  ti_sysbios_gates_GateHwi_Object__PARAMS__C                      
2001d4a0  ti_sysbios_gates_GateMutex_Object__PARAMS__C                    
2001d4b8  ti_sysbios_knl_Queue_Object__PARAMS__C                          
2001d4d0  ti_sysbios_knl_Task_hooks__A                                    
2001d560  GPIOCC32XX_config                                               
2001d5e0  xdc_runtime_Startup_sfxnRts__A                                  
2001d5f0  ADC_count                                                       
2001d5f1  Capture_count                                                   
2001d5f2  CryptoCC32XX_count                                              
2001d5f3  Display_count                                                   
2001d5f4  I2C_count                                                       
2001d5f5  I2S_count                                                       
2001d5f6  PWM_count                                                       
2001d5f7  SDFatFS_count                                                   
2001d5f8  SD_count                                                        
2001d5f9  SPI_count                                                       
2001d5fa  Timer_count                                                     
2001d5fb  UART_count                                                      
2001d5fc  Watchdog_count                                                  
2001d5fd  xdc_runtime_Error_policy__C                                     
2001d5fe  xdc_runtime_Memory_Module__id__C                                
2001d624  udmaCC3220SHWAttrs                                              
2001d630  xdc_runtime_Startup_firstFxns__A                                
2001d646  xdc_runtime_Text_charCnt__C                                     
2001d648  UDMACC32XX_config                                               
2001d668  outPinTypes                                                     
2001d670  heap0                                                           
2001d674  tiposix_mqGate                                                  
2001d680  ti_sysbios_knl_Idle_funcList__A                                 
2001d688  ti_sysbios_knl_Idle_funcList__C                                 
2001d690  ti_sysbios_knl_Task_hooks__C                                    
2001d698  xdc_runtime_Startup_firstFxns__C                                
2001d6a0  xdc_runtime_Startup_lastFxns__C                                 
2001d6ae  inPinTypes                                                      
2001d6b4  outPinStrengths                                                 
2001d6c6  _SlNetAppSendResponseCmdCtrl                                    
2001d6ca  _SlNetAppSendTokenValueCmdCtrl                                  
2001d6d2  _SlProvisioningCmdCtrl                                          
2001d6ea  xdc_runtime_Text_isLoaded__C                                    
2001d6ec  ti_sysbios_family_arm_m3_Hwi_E_alreadyDefined__C                
2001d6f0  ti_sysbios_family_arm_m3_Hwi_NUM_INTERRUPTS__C                  
2001d6f4  ti_sysbios_family_arm_m3_Hwi_Object__count__C                   
2001d6f8  ti_sysbios_family_arm_m3_Hwi_ccr__C                             
2001d6fc  ti_sysbios_family_arm_m3_Hwi_excHandlerFunc__C                  
2001d700  ti_sysbios_family_arm_m3_Hwi_nullIsrFunc__C                     
2001d704  ti_sysbios_family_arm_m3_Hwi_priGroup__C                        
2001d708  ti_sysbios_family_arm_m3_Hwi_swiDisable__C                      
2001d70c  ti_sysbios_family_arm_m3_Hwi_swiRestoreHwi__C                   
2001d710  ti_sysbios_family_arm_m3_TaskSupport_stackAlignment__C          
2001d714  ti_sysbios_family_arm_m3_Timer_E_cannotSupport__C               
2001d718  ti_sysbios_family_arm_m3_Timer_startupNeeded__C                 
2001d71c  ti_sysbios_gates_GateMutex_Instance_State_sem__O                
2001d720  ti_sysbios_heaps_HeapMem_E_memory__C                            
2001d724  ti_sysbios_heaps_HeapMem_Module__gateObj__C                     
2001d728  ti_sysbios_heaps_HeapMem_Object__count__C                       
2001d72c  ti_sysbios_heaps_HeapMem_primaryHeapBaseAddr__C                 
2001d730  ti_sysbios_heaps_HeapMem_primaryHeapEndAddr__C                  
2001d734  ti_sysbios_heaps_HeapMem_reqAlign__C                            
2001d738  ti_sysbios_knl_Clock_Module_State_clockQ__O                     
2001d73c  ti_sysbios_knl_Clock_tickPeriod__C                              
2001d740  ti_sysbios_knl_Mailbox_Instance_State_dataQue__O                
2001d744  ti_sysbios_knl_Mailbox_Instance_State_dataSem__O                
2001d748  ti_sysbios_knl_Mailbox_Instance_State_freeQue__O                
2001d74c  ti_sysbios_knl_Mailbox_Instance_State_freeSem__O                
2001d750  ti_sysbios_knl_Mailbox_Object__count__C                         
2001d754  ti_sysbios_knl_Mailbox_maxTypeAlign__C                          
2001d758  ti_sysbios_knl_Semaphore_Instance_State_pendQ__O                
2001d75c  ti_sysbios_knl_Swi_Object__count__C                             
2001d760  ti_sysbios_knl_Task_Module_State_inactiveQ__O                   
2001d764  ti_sysbios_knl_Task_Object__count__C                            
2001d768  ti_sysbios_knl_Task_Object__heap__C                             
2001d76c  ti_sysbios_knl_Task_allBlockedFunc__C                           
2001d770  ti_sysbios_knl_Task_defaultStackHeap__C                         
2001d774  ti_sysbios_knl_Task_defaultStackSize__C                         
2001d778  ti_sysbios_knl_Task_numConstructedTasks__C                      
2001d77c  xdc_runtime_Error_E_memory__C                                   
2001d780  xdc_runtime_Error_policyFxn__C                                  
2001d784  xdc_runtime_IGateProvider_Interface__BASE__C                    
2001d788  xdc_runtime_IHeap_Interface__BASE__C                            
2001d78c  xdc_runtime_IModule_Interface__BASE__C                          
2001d790  xdc_runtime_Memory_defaultHeapInstance__C                       
2001d794  xdc_runtime_Startup_execImpl__C                                 
2001d798  xdc_runtime_Startup_maxPasses__C                                
2001d79c  xdc_runtime_Startup_sfxnRts__C                                  
2001d7a0  xdc_runtime_Startup_sfxnTab__C                                  
2001d7a4  xdc_runtime_SysCallback_abortFxn__C                             
2001d7a8  xdc_runtime_SysCallback_exitFxn__C                              
2001d7ac  xdc_runtime_System_Module__gateObj__C                           
2001d7b0  xdc_runtime_System_abortFxn__C                                  
2001d7b4  xdc_runtime_System_exitFxn__C                                   
2001d7b8  xdc_runtime_System_maxAtexitHandlers__C                         
2001d7bc  xdc_runtime_Text_charTab__C                                     
2001d7c0  xdc_runtime_Text_nameEmpty__C                                   
2001d7c4  xdc_runtime_Text_nameStatic__C                                  
2001d7c8  xdc_runtime_Text_nameUnknown__C                                 
2001d7cc  xdc_runtime_Text_charTab__A                                     
2001d7d0  PowerCC32XX_module                                              
2001d93c  parkInfo                                                        
2001dabc  ti_sysbios_knl_Swi_Module_State_0_readyQ__A                     
2001db3c  ti_sysbios_knl_Task_Module_State_0_readyQ__A                    
2001dbbc  ti_sysbios_knl_Task_Object__table__V                            
2001dc18  ti_sysbios_gates_GateMutex_Object__table__V                     
2001dc6c  ti_sysbios_knl_Task_Module__state__V                            
2001dcb4  ti_sysbios_family_arm_m3_Hwi_Module__state__V                   
2001dce8  ti_sysbios_family_arm_m3_Timer_Object__table__V                 
2001dd18  ti_sysbios_knl_Swi_Object__table__V                             
2001dd48  ti_sysbios_knl_Clock_Module__state__V                           
2001dd74  gProvisioningThread                                             
2001dd78  gDisplayThread                                                  
2001dd7c  gSpawnThread                                                    
2001dd80  gIsWlanConnected                                                
2001dd81  gStopInProgress                                                 
2001dd84  gPingSent                                                       
2001dd88  gPingSuccess                                                    
2001dd8c  gRole                                                           
2001dd8e  gLedCount                                                       
2001dd90  gLedState                                                       
2001dd94  gErrledCount                                                    
2001dd98  gErrLedState                                                    
2001dd99  gWaitForConn                                                    
2001dd9a  gLedDisplayState                                                
2001dd9c  g_LibsEvents                                                    
2001ddc0  g_UserEvents                                                    
2001dde4  ti_sysbios_BIOS_Module__state__V                                
2001de08  gpioPinConfigs                                                  
2001de28  xdc_runtime_Error_IgnoreBlock                                   
2001de48  ti_sysbios_knl_Swi_Module__state__V                             
2001de64  ti_sysbios_family_arm_m3_Hwi_Object__table__V                   
2001de7c  ti_sysbios_heaps_HeapMem_Object__table__V                       
2001de94  Roles                                                           
2001dea4  WlanStatus                                                      
2001deb4  gpioCallbackFunctions                                           
2001dec4  gGlobalLockCntRequested                                         
2001dec5  gGlobalLockCntReleased                                          
2001dec6  g_SlDeviceStatus                                                
2001dec8  g_pCB                                                           
2001decc  pPingCallBackFunc                                               
2001ded0  ti_sysbios_family_arm_m3_Timer_Module__state__V                 
2001dee6  ti_sysbios_family_arm_m3_Hwi_Module_State_0_excActive__A        
2001dee8  _lock                                                           
2001deec  _unlock                                                         
2001def8  ti_sysbios_family_arm_cc32xx_Seconds_Module__state__V           
2001df00  ti_sysbios_family_arm_m3_Hwi_Module__root__V                    
2001df08  ti_sysbios_gates_GateHwi_Module__root__V                        
2001df10  ti_sysbios_gates_GateMutex_Module__root__V                      
2001df18  ti_sysbios_heaps_HeapMem_Module__root__V                        
2001df20  ti_sysbios_knl_Clock_Module__root__V                            
2001df28  ti_sysbios_knl_Mailbox_Module__root__V                          
2001df30  ti_sysbios_knl_Queue_Module__root__V                            
2001df38  ti_sysbios_knl_Semaphore_Module__root__V                        
2001df40  ti_sysbios_knl_Task_Module__root__V                             
2001df48  xdc_runtime_Startup_Module__state__V                            
2001df50  xdc_runtime_System_Module_State_0_atexitHandlers__A             
2001df58  xdc_runtime_System_Module__state__V                             
2001df60  main_func_sp                                                    
2001df64  g_intHandle                                                     
2001df68  ti_sysbios_family_arm_m3_Hwi_Module_State_0_excContext__A       
2001df6c  ti_sysbios_family_arm_m3_Hwi_Module_State_0_excStack__A         
2001df70  ti_sysbios_gates_GateHwi_Object__table__V                       
2001df74  ti_sysbios_knl_Task_Module_State_0_idleTask__A                  
2001df78  ti_sysbios_rts_ti_ReentSupport_Module__state__V                 
2001df7c  xdc_runtime_Memory_Module__state__V                             
2001df80  __TI_static_base__                                              
2001e1f8  __TI_Handler_Table_Base                                         
2001e204  __TI_Handler_Table_Limit                                        
2001e210  __TI_CINIT_Base                                                 
2001e220  __TI_CINIT_Limit                                                
e000e000  ti_sysbios_family_arm_m3_Hwi_nvic                               
ffffffff  __TI_pprof_out_hndl                                             
ffffffff  __TI_prof_data_size                                             
ffffffff  __TI_prof_data_start                                            
ffffffff  __binit__                                                       
ffffffff  __c_args__                                                      
ffffffff  binit                                                           
UNDEFED   SHT$$INIT_ARRAY$$Base                                           
UNDEFED   SHT$$INIT_ARRAY$$Limit                                          

[821 symbols]
